Archive member included to satisfy reference by file (symbol)

d:/aplikacje/atolic/truestudio for stm32 9.3.0/armtools/bin/../lib/gcc/arm-atollic-eabi/6.3.1/../../../../arm-atollic-eabi/lib/armv7e-m/fpu\libc_nano.a(lib_a-errno.o)
                              Src\syscalls.o (__errno)
d:/aplikacje/atolic/truestudio for stm32 9.3.0/armtools/bin/../lib/gcc/arm-atollic-eabi/6.3.1/../../../../arm-atollic-eabi/lib/armv7e-m/fpu\libc_nano.a(lib_a-impure.o)
                              d:/aplikacje/atolic/truestudio for stm32 9.3.0/armtools/bin/../lib/gcc/arm-atollic-eabi/6.3.1/../../../../arm-atollic-eabi/lib/armv7e-m/fpu\libc_nano.a(lib_a-errno.o) (_impure_ptr)
d:/aplikacje/atolic/truestudio for stm32 9.3.0/armtools/bin/../lib/gcc/arm-atollic-eabi/6.3.1/../../../../arm-atollic-eabi/lib/armv7e-m/fpu\libc_nano.a(lib_a-init.o)
                              startup\startup_stm32f411xe.o (__libc_init_array)
d:/aplikacje/atolic/truestudio for stm32 9.3.0/armtools/bin/../lib/gcc/arm-atollic-eabi/6.3.1/../../../../arm-atollic-eabi/lib/armv7e-m/fpu\libc_nano.a(lib_a-memset.o)
                              Src\adc.o (memset)
d:/aplikacje/atolic/truestudio for stm32 9.3.0/armtools/bin/../lib/gcc/arm-atollic-eabi/6.3.1/../../../../arm-atollic-eabi/lib/armv7e-m/fpu\libm.a(lib_a-s_round.o)
                              Src\Odczyt.o (round)
d:/aplikacje/atolic/truestudio for stm32 9.3.0/armtools/bin/../lib/gcc/arm-atollic-eabi/6.3.1/armv7e-m/fpu\libgcc.a(_arm_addsubdf3.o)
                              Src\main.o (__aeabi_dadd)
d:/aplikacje/atolic/truestudio for stm32 9.3.0/armtools/bin/../lib/gcc/arm-atollic-eabi/6.3.1/armv7e-m/fpu\libgcc.a(_arm_fixdfsi.o)
                              Src\main.o (__aeabi_d2iz)
d:/aplikacje/atolic/truestudio for stm32 9.3.0/armtools/bin/../lib/gcc/arm-atollic-eabi/6.3.1/armv7e-m/fpu\libgcc.a(_arm_truncdfsf2.o)
                              Src\Odczyt.o (__aeabi_d2f)
d:/aplikacje/atolic/truestudio for stm32 9.3.0/armtools/bin/../lib/gcc/arm-atollic-eabi/6.3.1/armv7e-m/fpu\libgcc.a(_aeabi_uldivmod.o)
                              Drivers\STM32F4xx_HAL_Driver\Src\stm32f4xx_hal_rcc.o (__aeabi_uldivmod)
d:/aplikacje/atolic/truestudio for stm32 9.3.0/armtools/bin/../lib/gcc/arm-atollic-eabi/6.3.1/armv7e-m/fpu\libgcc.a(_udivmoddi4.o)
                              d:/aplikacje/atolic/truestudio for stm32 9.3.0/armtools/bin/../lib/gcc/arm-atollic-eabi/6.3.1/armv7e-m/fpu\libgcc.a(_aeabi_uldivmod.o) (__udivmoddi4)
d:/aplikacje/atolic/truestudio for stm32 9.3.0/armtools/bin/../lib/gcc/arm-atollic-eabi/6.3.1/armv7e-m/fpu\libgcc.a(_dvmd_tls.o)
                              d:/aplikacje/atolic/truestudio for stm32 9.3.0/armtools/bin/../lib/gcc/arm-atollic-eabi/6.3.1/armv7e-m/fpu\libgcc.a(_aeabi_uldivmod.o) (__aeabi_ldiv0)

Allocating common symbols
Common symbol       size              file

Value               0x4               Src\Odczyt.o
SensorValue         0x10              Src\main.o
htim10              0x40              Src\tim.o
uwTick              0x4               Drivers\STM32F4xx_HAL_Driver\Src\stm32f4xx_hal.o
pFlash              0x20              Drivers\STM32F4xx_HAL_Driver\Src\stm32f4xx_hal_flash.o
htim3               0x40              Src\tim.o
hadc1               0x48              Src\adc.o
hdma_adc1           0x60              Src\adc.o
Sensor              0x4               Src\main.o
znak                0x7               Src\TransmitToUart.o
NewSensor           0x20              Src\main.o
htim1               0x40              Src\tim.o
Error               0x4               Src\main.o
result              0x2               Src\main.o
Sum                 0x4               Src\Odczyt.o
htim2               0x40              Src\tim.o
huart2              0x40              Src\usart.o
ValueOfSensor       0x4               Src\main.o

Discarded input sections

 .text          0x00000000        0x0 d:/aplikacje/atolic/truestudio for stm32 9.3.0/armtools/bin/../lib/gcc/arm-atollic-eabi/6.3.1/armv7e-m/fpu/crti.o
 .data          0x00000000        0x0 d:/aplikacje/atolic/truestudio for stm32 9.3.0/armtools/bin/../lib/gcc/arm-atollic-eabi/6.3.1/armv7e-m/fpu/crti.o
 .bss           0x00000000        0x0 d:/aplikacje/atolic/truestudio for stm32 9.3.0/armtools/bin/../lib/gcc/arm-atollic-eabi/6.3.1/armv7e-m/fpu/crti.o
 .data          0x00000000        0x4 d:/aplikacje/atolic/truestudio for stm32 9.3.0/armtools/bin/../lib/gcc/arm-atollic-eabi/6.3.1/armv7e-m/fpu/crtbegin.o
 .text          0x00000000        0x0 Drivers\STM32F4xx_HAL_Driver\Src\stm32f4xx_hal.o
 .data          0x00000000        0x0 Drivers\STM32F4xx_HAL_Driver\Src\stm32f4xx_hal.o
 .bss           0x00000000        0x0 Drivers\STM32F4xx_HAL_Driver\Src\stm32f4xx_hal.o
 .text.HAL_MspInit
                0x00000000        0x2 Drivers\STM32F4xx_HAL_Driver\Src\stm32f4xx_hal.o
 .text.HAL_MspDeInit
                0x00000000        0x2 Drivers\STM32F4xx_HAL_Driver\Src\stm32f4xx_hal.o
 .text.HAL_DeInit
[...]
Memory Configuration

Name             Origin             Length             Attributes
RAM              0x20000000         0x00020000         xrw
FLASH            0x08000000         0x00080000         xr
*default*        0x00000000         0xffffffff

Linker script and memory map

LOAD d:/aplikacje/atolic/truestudio for stm32 9.3.0/armtools/bin/../lib/gcc/arm-atollic-eabi/6.3.1/armv7e-m/fpu/crti.o
LOAD d:/aplikacje/atolic/truestudio for stm32 9.3.0/armtools/bin/../lib/gcc/arm-atollic-eabi/6.3.1/armv7e-m/fpu/crtbegin.o
LOAD Drivers\STM32F4xx_HAL_Driver\Src\stm32f4xx_hal.o
LOAD Drivers\STM32F4xx_HAL_Driver\Src\stm32f4xx_hal_adc.o
LOAD Drivers\STM32F4xx_HAL_Driver\Src\stm32f4xx_hal_adc_ex.o
LOAD Drivers\STM32F4xx_HAL_Driver\Src\stm32f4xx_hal_cortex.o
LOAD Drivers\STM32F4xx_HAL_Driver\Src\stm32f4xx_hal_dma.o
LOAD Drivers\STM32F4xx_HAL_Driver\Src\stm32f4xx_hal_dma_ex.o
LOAD Drivers\STM32F4xx_HAL_Driver\Src\stm32f4xx_hal_exti.o
LOAD Drivers\STM32F4xx_HAL_Driver\Src\stm32f4xx_hal_flash.o
LOAD Drivers\STM32F4xx_HAL_Driver\Src\stm32f4xx_hal_flash_ex.o
LOAD Drivers\STM32F4xx_HAL_Driver\Src\stm32f4xx_hal_flash_ramfunc.o
LOAD Drivers\STM32F4xx_HAL_Driver\Src\stm32f4xx_hal_gpio.o
LOAD Drivers\STM32F4xx_HAL_Driver\Src\stm32f4xx_hal_pwr.o
LOAD Drivers\STM32F4xx_HAL_Driver\Src\stm32f4xx_hal_pwr_ex.o
LOAD Drivers\STM32F4xx_HAL_Driver\Src\stm32f4xx_hal_rcc.o
LOAD Drivers\STM32F4xx_HAL_Driver\Src\stm32f4xx_hal_rcc_ex.o
LOAD Drivers\STM32F4xx_HAL_Driver\Src\stm32f4xx_hal_tim.o
LOAD Drivers\STM32F4xx_HAL_Driver\Src\stm32f4xx_hal_tim_ex.o
LOAD Drivers\STM32F4xx_HAL_Driver\Src\stm32f4xx_hal_uart.o
LOAD Src\Odczyt.o
LOAD Src\TransmitToUart.o
LOAD Src\adc.o
LOAD Src\dma.o
LOAD Src\gpio.o
LOAD Src\main.o
LOAD Src\map.o
LOAD Src\stm32f4xx_hal_msp.o
LOAD Src\stm32f4xx_it.o
LOAD Src\syscalls.o
LOAD Src\system_stm32f4xx.o
LOAD Src\tim.o
LOAD Src\usart.o
LOAD startup\startup_stm32f411xe.o
                0x00000080                malloc_getpagesize_P = 0x80
START GROUP
LOAD d:/aplikacje/atolic/truestudio for stm32 9.3.0/armtools/bin/../lib/gcc/arm-atollic-eabi/6.3.1/../../../../arm-atollic-eabi/lib/armv7e-m/fpu\libc_nano.a
LOAD d:/aplikacje/atolic/truestudio for stm32 9.3.0/armtools/bin/../lib/gcc/arm-atollic-eabi/6.3.1/../../../../arm-atollic-eabi/lib/armv7e-m/fpu\libm.a
END GROUP
START GROUP
LOAD d:/aplikacje/atolic/truestudio for stm32 9.3.0/armtools/bin/../lib/gcc/arm-atollic-eabi/6.3.1/armv7e-m/fpu\libgcc.a
LOAD d:/aplikacje/atolic/truestudio for stm32 9.3.0/armtools/bin/../lib/gcc/arm-atollic-eabi/6.3.1/../../../../arm-atollic-eabi/lib/armv7e-m/fpu\libc_nano.a
END GROUP
START GROUP
LOAD d:/aplikacje/atolic/truestudio for stm32 9.3.0/armtools/bin/../lib/gcc/arm-atollic-eabi/6.3.1/armv7e-m/fpu\libgcc.a
LOAD d:/aplikacje/atolic/truestudio for stm32 9.3.0/armtools/bin/../lib/gcc/arm-atollic-eabi/6.3.1/../../../../arm-atollic-eabi/lib/armv7e-m/fpu\libc_nano.a
LOAD d:/aplikacje/atolic/truestudio for stm32 9.3.0/armtools/bin/../lib/gcc/arm-atollic-eabi/6.3.1/../../../../arm-atollic-eabi/lib/armv7e-m/fpu\libnosys.a
END GROUP
START GROUP
LOAD d:/aplikacje/atolic/truestudio for stm32 9.3.0/armtools/bin/../lib/gcc/arm-atollic-eabi/6.3.1/armv7e-m/fpu\libgcc.a
LOAD d:/aplikacje/atolic/truestudio for stm32 9.3.0/armtools/bin/../lib/gcc/arm-atollic-eabi/6.3.1/../../../../arm-atollic-eabi/lib/armv7e-m/fpu\libc_nano.a
LOAD d:/aplikacje/atolic/truestudio for stm32 9.3.0/armtools/bin/../lib/gcc/arm-atollic-eabi/6.3.1/../../../../arm-atollic-eabi/lib/armv7e-m/fpu\libnosys.a
END GROUP
LOAD d:/aplikacje/atolic/truestudio for stm32 9.3.0/armtools/bin/../lib/gcc/arm-atollic-eabi/6.3.1/armv7e-m/fpu/crtend.o
LOAD d:/aplikacje/atolic/truestudio for stm32 9.3.0/armtools/bin/../lib/gcc/arm-atollic-eabi/6.3.1/armv7e-m/fpu/crtn.o
                0x20020000                _estack = 0x20020000
                0x00000200                _Min_Heap_Size = 0x200
                0x00000400                _Min_Stack_Size = 0x400

.isr_vector     0x08000000      0x198
                0x08000000                . = ALIGN (0x4)
 *(.isr_vector)
 .isr_vector    0x08000000      0x198 startup\startup_stm32f411xe.o
                0x08000000                g_pfnVectors
                0x08000198                . = ALIGN (0x4)

.text           0x08000198     0x2d94
                0x08000198                . = ALIGN (0x4)
 *(.text)
 .text          0x08000198       0x40 d:/aplikacje/atolic/truestudio for stm32 9.3.0/armtools/bin/../lib/gcc/arm-atollic-eabi/6.3.1/armv7e-m/fpu/crtbegin.o
 .text          0x080001d8      0x370 d:/aplikacje/atolic/truestudio for stm32 9.3.0/armtools/bin/../lib/gcc/arm-atollic-eabi/6.3.1/armv7e-m/fpu\libgcc.a(_arm_addsubdf3.o)
                0x080001d8                __aeabi_drsub
                0x080001e0                __aeabi_dsub
                0x080001e0                __subdf3
                0x080001e4                __aeabi_dadd
                0x080001e4                __adddf3
                0x0800045c                __floatunsidf
                0x0800045c                __aeabi_ui2d
                0x0800047c                __floatsidf
                0x0800047c                __aeabi_i2d
                0x080004a0                __aeabi_f2d
                0x080004a0                __extendsfdf2
                0x080004dc                __floatundidf
                0x080004dc                __aeabi_ul2d
                0x080004ec                __floatdidf
                0x080004ec                __aeabi_l2d
 .text          0x08000548       0x50 d:/aplikacje/atolic/truestudio for stm32 9.3.0/armtools/bin/../lib/gcc/arm-atollic-eabi/6.3.1/armv7e-m/fpu\libgcc.a(_arm_fixdfsi.o)
                0x08000548                __aeabi_d2iz
                0x08000548                __fixdfsi
 .text          0x08000598       0xa0 d:/aplikacje/atolic/truestudio for stm32 9.3.0/armtools/bin/../lib/gcc/arm-atollic-eabi/6.3.1/armv7e-m/fpu\libgcc.a(_arm_truncdfsf2.o)
                0x08000598                __truncdfsf2
                0x08000598                __aeabi_d2f
 .text          0x08000638       0x30 d:/aplikacje/atolic/truestudio for stm32 9.3.0/armtools/bin/../lib/gcc/arm-atollic-eabi/6.3.1/armv7e-m/fpu\libgcc.a(_aeabi_uldivmod.o)
                0x08000638                __aeabi_uldivmod
 .text          0x08000668      0x2dc d:/aplikacje/atolic/truestudio for stm32 9.3.0/armtools/bin/../lib/gcc/arm-atollic-eabi/6.3.1/armv7e-m/fpu\libgcc.a(_udivmoddi4.o)
                0x08000668                __udivmoddi4
 .text          0x08000944        0x4 d:/aplikacje/atolic/truestudio for stm32 9.3.0/armtools/bin/../lib/gcc/arm-atollic-eabi/6.3.1/armv7e-m/fpu\libgcc.a(_dvmd_tls.o)
                0x08000944                __aeabi_idiv0
                0x08000944                __aeabi_ldiv0
 *(.text*)
 .text.HAL_InitTick
                0x08000948       0x48 Drivers\STM32F4xx_HAL_Driver\Src\stm32f4xx_hal.o
                0x08000948                HAL_InitTick
 .text.HAL_Init
                0x08000990       0x34 Drivers\STM32F4xx_HAL_Driver\Src\stm32f4xx_hal.o
                0x08000990                HAL_Init
 .text.HAL_IncTick
                0x080009c4       0x18 Drivers\STM32F4xx_HAL_Driver\Src\stm32f4xx_hal.o
                0x080009c4                HAL_IncTick
 .text.HAL_GetTick
                0x080009dc        0xc Drivers\STM32F4xx_HAL_Driver\Src\stm32f4xx_hal.o
                0x080009dc                HAL_GetTick
 .text.HAL_ADC_Init
                0x080009e8      0x14c Drivers\STM32F4xx_HAL_Driver\Src\stm32f4xx_hal_adc.o
                0x080009e8                HAL_ADC_Init
 .text.HAL_ADC_Start_DMA
                0x08000b34      0x100 Drivers\STM32F4xx_HAL_Driver\Src\stm32f4xx_hal_adc.o
                0x08000b34                HAL_ADC_Start_DMA
 .text.HAL_ADC_ConvCpltCallback
                0x08000c34        0x2 Drivers\STM32F4xx_HAL_Driver\Src\stm32f4xx_hal_adc.o
                0x08000c34                HAL_ADC_ConvCpltCallback
 .text.HAL_ADC_ConvHalfCpltCallback
                0x08000c36        0x2 Drivers\STM32F4xx_HAL_Driver\Src\stm32f4xx_hal_adc.o
                0x08000c36                HAL_ADC_ConvHalfCpltCallback
 .text.ADC_DMAHalfConvCplt
                0x08000c38        0xa Drivers\STM32F4xx_HAL_Driver\Src\stm32f4xx_hal_adc.o
 .text.HAL_ADC_ErrorCallback
                0x08000c42        0x2 Drivers\STM32F4xx_HAL_Driver\Src\stm32f4xx_hal_adc.o
                0x08000c42                HAL_ADC_ErrorCallback
 .text.ADC_DMAError
                0x08000c44       0x16 Drivers\STM32F4xx_HAL_Driver\Src\stm32f4xx_hal_adc.o
 .text.ADC_DMAConvCplt
                0x08000c5a       0x6c Drivers\STM32F4xx_HAL_Driver\Src\stm32f4xx_hal_adc.o
 *fill*         0x08000cc6        0x2 
 .text.HAL_ADC_ConfigChannel
                0x08000cc8      0x144 Drivers\STM32F4xx_HAL_Driver\Src\stm32f4xx_hal_adc.o
                0x08000cc8                HAL_ADC_ConfigChannel
 .text.HAL_NVIC_SetPriorityGrouping
                0x08000e0c       0x24 Drivers\STM32F4xx_HAL_Driver\Src\stm32f4xx_hal_cortex.o
                0x08000e0c                HAL_NVIC_SetPriorityGrouping
 .text.HAL_NVIC_SetPriority
                0x08000e30       0x68 Drivers\STM32F4xx_HAL_Driver\Src\stm32f4xx_hal_cortex.o
                0x08000e30                HAL_NVIC_SetPriority
 .text.HAL_NVIC_EnableIRQ
                0x08000e98       0x1c Drivers\STM32F4xx_HAL_Driver\Src\stm32f4xx_hal_cortex.o
                0x08000e98                HAL_NVIC_EnableIRQ
 .text.HAL_SYSTICK_Config
                0x08000eb4       0x2c Drivers\STM32F4xx_HAL_Driver\Src\stm32f4xx_hal_cortex.o
                0x08000eb4                HAL_SYSTICK_Config
 .text.DMA_CalcBaseAndBitshift
                0x08000ee0       0x2c Drivers\STM32F4xx_HAL_Driver\Src\stm32f4xx_hal_dma.o
 .text.HAL_DMA_Init
                0x08000f0c       0xfc Drivers\STM32F4xx_HAL_Driver\Src\stm32f4xx_hal_dma.o
                0x08000f0c                HAL_DMA_Init
 .text.HAL_DMA_Start_IT
                0x08001008       0x74 Drivers\STM32F4xx_HAL_Driver\Src\stm32f4xx_hal_dma.o
                0x08001008                HAL_DMA_Start_IT
 .text.HAL_DMA_IRQHandler
                0x0800107c      0x174 Drivers\STM32F4xx_HAL_Driver\Src\stm32f4xx_hal_dma.o
                0x0800107c                HAL_DMA_IRQHandler
 .text.HAL_GPIO_Init
                0x080011f0      0x19c Drivers\STM32F4xx_HAL_Driver\Src\stm32f4xx_hal_gpio.o
                0x080011f0                HAL_GPIO_Init
 .text.HAL_GPIO_WritePin
                0x0800138c        0xa Drivers\STM32F4xx_HAL_Driver\Src\stm32f4xx_hal_gpio.o
                0x0800138c                HAL_GPIO_WritePin
 *fill*         0x08001396        0x2 
 .text.HAL_RCC_OscConfig
                0x08001398      0x34c Drivers\STM32F4xx_HAL_Driver\Src\stm32f4xx_hal_rcc.o
                0x08001398                HAL_RCC_OscConfig
 .text.HAL_RCC_GetSysClockFreq
                0x080016e4       0x5c Drivers\STM32F4xx_HAL_Driver\Src\stm32f4xx_hal_rcc.o
                0x080016e4                HAL_RCC_GetSysClockFreq
 .text.HAL_RCC_ClockConfig
                0x08001740      0x138 Drivers\STM32F4xx_HAL_Driver\Src\stm32f4xx_hal_rcc.o
                0x08001740                HAL_RCC_ClockConfig
 .text.HAL_RCC_GetPCLK1Freq
                0x08001878       0x20 Drivers\STM32F4xx_HAL_Driver\Src\stm32f4xx_hal_rcc.o
                0x08001878                HAL_RCC_GetPCLK1Freq
 .text.HAL_RCC_GetPCLK2Freq
                0x08001898       0x20 Drivers\STM32F4xx_HAL_Driver\Src\stm32f4xx_hal_rcc.o
                0x08001898                HAL_RCC_GetPCLK2Freq
 .text.TIM_OC1_SetConfig
                0x080018b8       0x50 Drivers\STM32F4xx_HAL_Driver\Src\stm32f4xx_hal_tim.o
 .text.TIM_OC3_SetConfig
                0x08001908       0x54 Drivers\STM32F4xx_HAL_Driver\Src\stm32f4xx_hal_tim.o
 .text.TIM_OC4_SetConfig
                0x0800195c       0x44 Drivers\STM32F4xx_HAL_Driver\Src\stm32f4xx_hal_tim.o
 .text.HAL_TIM_Base_Start_IT
                0x080019a0       0x20 Drivers\STM32F4xx_HAL_Driver\Src\stm32f4xx_hal_tim.o
                0x080019a0                HAL_TIM_Base_Start_IT
 .text.HAL_TIM_PWM_MspInit
                0x080019c0        0x2 Drivers\STM32F4xx_HAL_Driver\Src\stm32f4xx_hal_tim.o
                0x080019c0                HAL_TIM_PWM_MspInit
 .text.HAL_TIM_OC_DelayElapsedCallback
                0x080019c2        0x2 Drivers\STM32F4xx_HAL_Driver\Src\stm32f4xx_hal_tim.o
                0x080019c2                HAL_TIM_OC_DelayElapsedCallback
 .text.HAL_TIM_IC_CaptureCallback
                0x080019c4        0x2 Drivers\STM32F4xx_HAL_Driver\Src\stm32f4xx_hal_tim.o
                0x080019c4                HAL_TIM_IC_CaptureCallback
 .text.HAL_TIM_PWM_PulseFinishedCallback
                0x080019c6        0x2 Drivers\STM32F4xx_HAL_Driver\Src\stm32f4xx_hal_tim.o
                0x080019c6                HAL_TIM_PWM_PulseFinishedCallback
 .text.HAL_TIM_TriggerCallback
                0x080019c8        0x2 Drivers\STM32F4xx_HAL_Driver\Src\stm32f4xx_hal_tim.o
                0x080019c8                HAL_TIM_TriggerCallback
 .text.HAL_TIM_IRQHandler
                0x080019ca      0x144 Drivers\STM32F4xx_HAL_Driver\Src\stm32f4xx_hal_tim.o
                0x080019ca                HAL_TIM_IRQHandler
 *fill*         0x08001b0e        0x2 
 .text.TIM_Base_SetConfig
                0x08001b10       0x9c Drivers\STM32F4xx_HAL_Driver\Src\stm32f4xx_hal_tim.o
                0x08001b10                TIM_Base_SetConfig
 .text.HAL_TIM_Base_Init
                0x08001bac       0x34 Drivers\STM32F4xx_HAL_Driver\Src\stm32f4xx_hal_tim.o
                0x08001bac                HAL_TIM_Base_Init
 .text.HAL_TIM_PWM_Init
                0x08001be0       0x34 Drivers\STM32F4xx_HAL_Driver\Src\stm32f4xx_hal_tim.o
                0x08001be0                HAL_TIM_PWM_Init
 .text.TIM_OC2_SetConfig
                0x08001c14       0x58 Drivers\STM32F4xx_HAL_Driver\Src\stm32f4xx_hal_tim.o
                0x08001c14                TIM_OC2_SetConfig
 .text.HAL_TIM_PWM_ConfigChannel
                0x08001c6c       0xc4 Drivers\STM32F4xx_HAL_Driver\Src\stm32f4xx_hal_tim.o
                0x08001c6c                HAL_TIM_PWM_ConfigChannel
 .text.TIM_ETR_SetConfig
                0x08001d30       0x14 Drivers\STM32F4xx_HAL_Driver\Src\stm32f4xx_hal_tim.o
                0x08001d30                TIM_ETR_SetConfig
 .text.HAL_TIM_ConfigClockSource
                0x08001d44      0x128 Drivers\STM32F4xx_HAL_Driver\Src\stm32f4xx_hal_tim.o
                0x08001d44                HAL_TIM_ConfigClockSource
 .text.TIM_CCxChannelCmd
                0x08001e6c       0x1c Drivers\STM32F4xx_HAL_Driver\Src\stm32f4xx_hal_tim.o
                0x08001e6c                TIM_CCxChannelCmd
 .text.HAL_TIM_PWM_Start
                0x08001e88       0x38 Drivers\STM32F4xx_HAL_Driver\Src\stm32f4xx_hal_tim.o
                0x08001e88                HAL_TIM_PWM_Start
 .text.HAL_TIMEx_MasterConfigSynchronization
                0x08001ec0       0x74 Drivers\STM32F4xx_HAL_Driver\Src\stm32f4xx_hal_tim_ex.o
                0x08001ec0                HAL_TIMEx_MasterConfigSynchronization
 .text.HAL_TIMEx_CommutCallback
                0x08001f34        0x2 Drivers\STM32F4xx_HAL_Driver\Src\stm32f4xx_hal_tim_ex.o
                0x08001f34                HAL_TIMEx_CommutCallback
 .text.HAL_TIMEx_BreakCallback
                0x08001f36        0x2 Drivers\STM32F4xx_HAL_Driver\Src\stm32f4xx_hal_tim_ex.o
                0x08001f36                HAL_TIMEx_BreakCallback
 .text.UART_SetConfig
                0x08001f38       0xdc Drivers\STM32F4xx_HAL_Driver\Src\stm32f4xx_hal_uart.o
 .text.HAL_UART_Init
                0x08002014       0x5c Drivers\STM32F4xx_HAL_Driver\Src\stm32f4xx_hal_uart.o
                0x08002014                HAL_UART_Init
 .text.MX_ADC1_Init
                0x08002070       0xf8 Src\adc.o
                0x08002070                MX_ADC1_Init
 .text.HAL_ADC_MspInit
                0x08002168       0xc8 Src\adc.o
                0x08002168                HAL_ADC_MspInit
 .text.MX_DMA_Init
                0x08002230       0x34 Src\dma.o
                0x08002230                MX_DMA_Init
 .text.MX_GPIO_Init
                0x08002264       0xbc Src\gpio.o
                0x08002264                MX_GPIO_Init
 .text.SpeedEngine
                0x08002320       0x3c Src\main.o
                0x08002320                SpeedEngine
 .text.HAL_Values
                0x0800235c       0xac Src\main.o
                0x0800235c                HAL_Values
 .text.HAL_Odczyt
                0x08002408      0x170 Src\main.o
                0x08002408                HAL_Odczyt
 .text.HAL_TIM_PeriodElapsedCallback
                0x08002578       0x98 Src\main.o
                0x08002578                HAL_TIM_PeriodElapsedCallback
 .text.SystemClock_Config
                0x08002610       0x90 Src\main.o
                0x08002610                SystemClock_Config
 .text.startup.main
                0x080026a0      0x300 Src\main.o
                0x080026a0                main
 .text.Error_Handler
                0x080029a0        0x2 Src\main.o
                0x080029a0                Error_Handler
 *fill*         0x080029a2        0x2 
 .text.HAL_MspInit
                0x080029a4       0x38 Src\stm32f4xx_hal_msp.o
                0x080029a4                HAL_MspInit
 .text.NMI_Handler
                0x080029dc        0x2 Src\stm32f4xx_it.o
                0x080029dc                NMI_Handler
 .text.HardFault_Handler
                0x080029de        0x2 Src\stm32f4xx_it.o
                0x080029de                HardFault_Handler
 .text.MemManage_Handler
                0x080029e0        0x2 Src\stm32f4xx_it.o
                0x080029e0                MemManage_Handler
 .text.BusFault_Handler
                0x080029e2        0x2 Src\stm32f4xx_it.o
                0x080029e2                BusFault_Handler
 .text.UsageFault_Handler
                0x080029e4        0x2 Src\stm32f4xx_it.o
                0x080029e4                UsageFault_Handler
 .text.SVC_Handler
                0x080029e6        0x2 Src\stm32f4xx_it.o
                0x080029e6                SVC_Handler
 .text.DebugMon_Handler
                0x080029e8        0x2 Src\stm32f4xx_it.o
                0x080029e8                DebugMon_Handler
 .text.PendSV_Handler
                0x080029ea        0x2 Src\stm32f4xx_it.o
                0x080029ea                PendSV_Handler
 .text.SysTick_Handler
                0x080029ec        0x4 Src\stm32f4xx_it.o
                0x080029ec                SysTick_Handler
 .text.TIM1_UP_TIM10_IRQHandler
                0x080029f0       0x1c Src\stm32f4xx_it.o
                0x080029f0                TIM1_UP_TIM10_IRQHandler
 .text.DMA2_Stream0_IRQHandler
                0x08002a0c        0xc Src\stm32f4xx_it.o
                0x08002a0c                DMA2_Stream0_IRQHandler
 .text.SystemInit
                0x08002a18       0x1c Src\system_stm32f4xx.o
                0x08002a18                SystemInit
 .text.MX_TIM1_Init
                0x08002a34       0x64 Src\tim.o
                0x08002a34                MX_TIM1_Init
 .text.MX_TIM10_Init
                0x08002a98       0x34 Src\tim.o
                0x08002a98                MX_TIM10_Init
 .text.HAL_TIM_Base_MspInit
                0x08002acc       0xa8 Src\tim.o
                0x08002acc                HAL_TIM_Base_MspInit
 .text.HAL_TIM_MspPostInit
                0x08002b74       0x80 Src\tim.o
                0x08002b74                HAL_TIM_MspPostInit
 .text.MX_TIM2_Init
                0x08002bf4       0xa0 Src\tim.o
                0x08002bf4                MX_TIM2_Init
 .text.MX_TIM3_Init
                0x08002c94       0xa0 Src\tim.o
                0x08002c94                MX_TIM3_Init
 .text.MX_USART2_UART_Init
                0x08002d34       0x38 Src\usart.o
                0x08002d34                MX_USART2_UART_Init
 .text.HAL_UART_MspInit
                0x08002d6c       0x70 Src\usart.o
                0x08002d6c                HAL_UART_MspInit
 .text.Reset_Handler
                0x08002ddc       0x50 startup\startup_stm32f411xe.o
                0x08002ddc                Reset_Handler
 .text.Default_Handler
                0x08002e2c        0x2 startup\startup_stm32f411xe.o
                0x08002e2c                RTC_Alarm_IRQHandler
                0x08002e2c                EXTI2_IRQHandler
                0x08002e2c                SPI4_IRQHandler
                0x08002e2c                TIM1_CC_IRQHandler
                0x08002e2c                DMA2_Stream5_IRQHandler
                0x08002e2c                DMA1_Stream5_IRQHandler
                0x08002e2c                PVD_IRQHandler
                0x08002e2c                SDIO_IRQHandler
                0x08002e2c                TAMP_STAMP_IRQHandler
                0x08002e2c                EXTI3_IRQHandler
                0x08002e2c                I2C3_ER_IRQHandler
                0x08002e2c                EXTI0_IRQHandler
                0x08002e2c                I2C2_EV_IRQHandler
                0x08002e2c                DMA1_Stream2_IRQHandler
                0x08002e2c                FPU_IRQHandler
                0x08002e2c                DMA2_Stream2_IRQHandler
                0x08002e2c                SPI1_IRQHandler
                0x08002e2c                TIM1_BRK_TIM9_IRQHandler
                0x08002e2c                DMA2_Stream3_IRQHandler
                0x08002e2c                USART6_IRQHandler
                0x08002e2c                TIM4_IRQHandler
                0x08002e2c                I2C1_EV_IRQHandler
                0x08002e2c                DMA1_Stream6_IRQHandler
                0x08002e2c                DMA1_Stream1_IRQHandler
                0x08002e2c                TIM3_IRQHandler
                0x08002e2c                RCC_IRQHandler
                0x08002e2c                Default_Handler
                0x08002e2c                EXTI15_10_IRQHandler
                0x08002e2c                ADC_IRQHandler
                0x08002e2c                DMA1_Stream7_IRQHandler
                0x08002e2c                SPI5_IRQHandler
                0x08002e2c                TIM5_IRQHandler
                0x08002e2c                DMA2_Stream7_IRQHandler
                0x08002e2c                I2C3_EV_IRQHandler
                0x08002e2c                EXTI9_5_IRQHandler
                0x08002e2c                RTC_WKUP_IRQHandler
                0x08002e2c                SPI2_IRQHandler
                0x08002e2c                DMA1_Stream0_IRQHandler
                0x08002e2c                EXTI4_IRQHandler
                0x08002e2c                WWDG_IRQHandler
                0x08002e2c                TIM2_IRQHandler
                0x08002e2c                OTG_FS_WKUP_IRQHandler
                0x08002e2c                TIM1_TRG_COM_TIM11_IRQHandler
                0x08002e2c                EXTI1_IRQHandler
                0x08002e2c                USART2_IRQHandler
                0x08002e2c                I2C2_ER_IRQHandler
                0x08002e2c                DMA2_Stream1_IRQHandler
                0x08002e2c                FLASH_IRQHandler
                0x08002e2c                DMA2_Stream4_IRQHandler
                0x08002e2c                USART1_IRQHandler
                0x08002e2c                OTG_FS_IRQHandler
                0x08002e2c                SPI3_IRQHandler
                0x08002e2c                DMA1_Stream4_IRQHandler
                0x08002e2c                I2C1_ER_IRQHandler
                0x08002e2c                DMA2_Stream6_IRQHandler
                0x08002e2c                DMA1_Stream3_IRQHandler
 *fill*         0x08002e2e        0x2 
 .text.__libc_init_array
                0x08002e30       0x48 d:/aplikacje/atolic/truestudio for stm32 9.3.0/armtools/bin/../lib/gcc/arm-atollic-eabi/6.3.1/../../../../arm-atollic-eabi/lib/armv7e-m/fpu\libc_nano.a(lib_a-init.o)
                0x08002e30                __libc_init_array
 .text.memset   0x08002e78       0x10 d:/aplikacje/atolic/truestudio for stm32 9.3.0/armtools/bin/../lib/gcc/arm-atollic-eabi/6.3.1/../../../../arm-atollic-eabi/lib/armv7e-m/fpu\libc_nano.a(lib_a-memset.o)
                0x08002e78                memset
 .text.round    0x08002e88       0x8c d:/aplikacje/atolic/truestudio for stm32 9.3.0/armtools/bin/../lib/gcc/arm-atollic-eabi/6.3.1/../../../../arm-atollic-eabi/lib/armv7e-m/fpu\libm.a(lib_a-s_round.o)
                0x08002e88                round
 *(.glue_7)
 .glue_7        0x08002f14        0x0 linker stubs
 *(.glue_7t)
 .glue_7t       0x08002f14        0x0 linker stubs
 *(.eh_frame)
 .eh_frame      0x08002f14        0x0 d:/aplikacje/atolic/truestudio for stm32 9.3.0/armtools/bin/../lib/gcc/arm-atollic-eabi/6.3.1/armv7e-m/fpu/crtbegin.o
 *(.init)
 .init          0x08002f14        0x4 d:/aplikacje/atolic/truestudio for stm32 9.3.0/armtools/bin/../lib/gcc/arm-atollic-eabi/6.3.1/armv7e-m/fpu/crti.o
                0x08002f14                _init
 .init          0x08002f18        0x8 d:/aplikacje/atolic/truestudio for stm32 9.3.0/armtools/bin/../lib/gcc/arm-atollic-eabi/6.3.1/armv7e-m/fpu/crtn.o
 *(.fini)
 .fini          0x08002f20        0x4 d:/aplikacje/atolic/truestudio for stm32 9.3.0/armtools/bin/../lib/gcc/arm-atollic-eabi/6.3.1/armv7e-m/fpu/crti.o
                0x08002f20                _fini
 .fini          0x08002f24        0x8 d:/aplikacje/atolic/truestudio for stm32 9.3.0/armtools/bin/../lib/gcc/arm-atollic-eabi/6.3.1/armv7e-m/fpu/crtn.o
                0x08002f2c                . = ALIGN (0x4)
                0x08002f2c                _etext = .

.vfp11_veneer   0x08002f2c        0x0
 .vfp11_veneer  0x08002f2c        0x0 linker stubs

.v4_bx          0x08002f2c        0x0
 .v4_bx         0x08002f2c        0x0 linker stubs

.iplt           0x08002f2c        0x0
 .iplt          0x08002f2c        0x0 d:/aplikacje/atolic/truestudio for stm32 9.3.0/armtools/bin/../lib/gcc/arm-atollic-eabi/6.3.1/armv7e-m/fpu/crtbegin.o

.rodata         0x08002f2c       0x20
                0x08002f2c                . = ALIGN (0x4)
 *(.rodata)
 *(.rodata*)
 .rodata.flagBitshiftOffset.7955
                0x08002f2c        0x8 Drivers\STM32F4xx_HAL_Driver\Src\stm32f4xx_hal_dma.o
 .rodata.AHBPrescTable
                0x08002f34       0x10 Src\system_stm32f4xx.o
                0x08002f34                AHBPrescTable
 .rodata.APBPrescTable
                0x08002f44        0x8 Src\system_stm32f4xx.o
                0x08002f44                APBPrescTable
                0x08002f4c                . = ALIGN (0x4)

.ARM.extab
 *(.ARM.extab* .gnu.linkonce.armextab.*)

.ARM            0x08002f4c        0x8
                0x08002f4c                __exidx_start = .
 *(.ARM.exidx*)
 .ARM.exidx     0x08002f4c        0x8 d:/aplikacje/atolic/truestudio for stm32 9.3.0/armtools/bin/../lib/gcc/arm-atollic-eabi/6.3.1/armv7e-m/fpu\libgcc.a(_udivmoddi4.o)
                0x08002f54                __exidx_end = .

.rel.dyn        0x08002f54        0x0
 .rel.iplt      0x08002f54        0x0 d:/aplikacje/atolic/truestudio for stm32 9.3.0/armtools/bin/../lib/gcc/arm-atollic-eabi/6.3.1/armv7e-m/fpu/crtbegin.o

.preinit_array  0x08002f54        0x0
                0x08002f54                PROVIDE (__preinit_array_start, .)
 *(.preinit_array*)
                0x08002f54                PROVIDE (__preinit_array_end, .)

.init_array     0x08002f54        0x4
                0x08002f54                PROVIDE (__init_array_start, .)
 *(SORT(.init_array.*))
 *(.init_array*)
 .init_array    0x08002f54        0x4 d:/aplikacje/atolic/truestudio for stm32 9.3.0/armtools/bin/../lib/gcc/arm-atollic-eabi/6.3.1/armv7e-m/fpu/crtbegin.o
                0x08002f58                PROVIDE (__init_array_end, .)

.fini_array     0x08002f58        0x4
                [!provide]                PROVIDE (__fini_array_start, .)
 *(SORT(.fini_array.*))
 *(.fini_array*)
 .fini_array    0x08002f58        0x4 d:/aplikacje/atolic/truestudio for stm32 9.3.0/armtools/bin/../lib/gcc/arm-atollic-eabi/6.3.1/armv7e-m/fpu/crtbegin.o
                [!provide]                PROVIDE (__fini_array_end, .)
                0x08002f5c                _sidata = LOADADDR (.data)

.data           0x20000000       0x24 load address 0x08002f5c
                0x20000000                . = ALIGN (0x4)
                0x20000000                _sdata = .
 *(.data)
 *(.data*)
 .data.uwTickFreq
                0x20000000        0x1 Drivers\STM32F4xx_HAL_Driver\Src\stm32f4xx_hal.o
                0x20000000                uwTickFreq
 *fill*         0x20000001        0x3 
 .data.uwTickPrio
                0x20000004        0x4 Drivers\STM32F4xx_HAL_Driver\Src\stm32f4xx_hal.o
                0x20000004                uwTickPrio
 .data.IntegralLimit
                0x20000008        0x4 Src\main.o
                0x20000008                IntegralLimit
 .data.Kd       0x2000000c        0x4 Src\main.o
                0x2000000c                Kd
 .data.Ki       0x20000010        0x4 Src\main.o
                0x20000010                Ki
 .data.Kp       0x20000014        0x4 Src\main.o
                0x20000014                Kp
 .data.limit    0x20000018        0x4 Src\main.o
                0x20000018                limit
 .data.max      0x2000001c        0x2 Src\main.o
                0x2000001c                max
 .data.min      0x2000001e        0x2 Src\main.o
                0x2000001e                min
 .data.SystemCoreClock
                0x20000020        0x4 Src\system_stm32f4xx.o
                0x20000020                SystemCoreClock
                0x20000024                . = ALIGN (0x4)
                0x20000024                _edata = .

.igot.plt       0x20000024        0x0 load address 0x08002f80
 .igot.plt      0x20000024        0x0 d:/aplikacje/atolic/truestudio for stm32 9.3.0/armtools/bin/../lib/gcc/arm-atollic-eabi/6.3.1/armv7e-m/fpu/crtbegin.o
                0x20000024                . = ALIGN (0x4)

.bss            0x20000024      0x270 load address 0x08002f80
                0x20000024                _sbss = .
                0x20000024                __bss_start__ = _sbss
 *(.bss)
 .bss           0x20000024       0x1c d:/aplikacje/atolic/truestudio for stm32 9.3.0/armtools/bin/../lib/gcc/arm-atollic-eabi/6.3.1/armv7e-m/fpu/crtbegin.o
 *(.bss*)
 .bss.ActualLeft
                0x20000040        0x4 Src\main.o
                0x20000040                ActualLeft
 .bss.ActualRight
                0x20000044        0x4 Src\main.o
                0x20000044                ActualRight
 .bss.ActualSensorValue
                0x20000048        0x4 Src\main.o
                0x20000048                ActualSensorValue
 .bss.ControlVariable
                0x2000004c        0x4 Src\main.o
                0x2000004c                ControlVariable
 .bss.Derivative
                0x20000050        0x4 Src\main.o
                0x20000050                Derivative
 .bss.Integral  0x20000054        0x4 Src\main.o
                0x20000054                Integral
 .bss.LastError
                0x20000058        0x4 Src\main.o
                0x20000058                LastError
 .bss.SetPoint  0x2000005c        0x4 Src\main.o
                0x2000005c                SetPoint
 *(COMMON)
 COMMON         0x20000060        0x4 Drivers\STM32F4xx_HAL_Driver\Src\stm32f4xx_hal.o
                0x20000060                uwTick
 COMMON         0x20000064        0x8 Src\Odczyt.o
                0x20000064                Value
                0x20000068                Sum
 COMMON         0x2000006c       0xa8 Src\adc.o
                0x2000006c                hadc1
                0x200000b4                hdma_adc1
 COMMON         0x20000114       0x40 Src\main.o
                0x20000114                SensorValue
                0x20000124                Sensor
                0x20000128                NewSensor
                0x20000148                Error
                0x2000014c                result
                0x20000150                ValueOfSensor
 COMMON         0x20000154      0x100 Src\tim.o
                0x20000154                htim10
                0x20000194                htim3
                0x200001d4                htim1
                0x20000214                htim2
 COMMON         0x20000254       0x40 Src\usart.o
                0x20000254                huart2
                0x20000294                . = ALIGN (0x4)
                0x20000294                _ebss = .
                0x20000294                __bss_end__ = _ebss

._user_heap_stack
                0x20000294      0x600 load address 0x08002f80
                0x20000294                . = ALIGN (0x4)
                0x20000294                PROVIDE (end, .)
                [!provide]                PROVIDE (_end, .)
                0x20000494                . = (. + _Min_Heap_Size)
 *fill*         0x20000294      0x200 
                0x20000894                . = (. + _Min_Stack_Size)
 *fill*         0x20000494      0x400 
                0x20000894                . = ALIGN (0x4)

/DISCARD/
 libc.a(*)
 libm.a(*)
 libgcc.a(*)

.ARM.attributes
                0x00000000       0x30
 *(.ARM.attributes)
 .ARM.attributes
                0x00000000       0x22 d:/aplikacje/atolic/truestudio for stm32 9.3.0/armtools/bin/../lib/gcc/arm-atollic-eabi/6.3.1/armv7e-m/fpu/crti.o
 .ARM.attributes
                0x00000022       0x34 d:/aplikacje/atolic/truestudio for stm32 9.3.0/armtools/bin/../lib/gcc/arm-atollic-eabi/6.3.1/armv7e-m/fpu/crtbegin.o
 .ARM.attributes
                0x00000056       0x39 Drivers\STM32F4xx_HAL_Driver\Src\stm32f4xx_hal.o
 .ARM.attributes
                0x0000008f       0x39 Drivers\STM32F4xx_HAL_Driver\Src\stm32f4xx_hal_adc.o
 .ARM.attributes
                0x000000c8       0x39 Drivers\STM32F4xx_HAL_Driver\Src\stm32f4xx_hal_cortex.o
 .ARM.attributes
                0x00000101       0x39 Drivers\STM32F4xx_HAL_Driver\Src\stm32f4xx_hal_dma.o
 .ARM.attributes
                0x0000013a       0x39 Drivers\STM32F4xx_HAL_Driver\Src\stm32f4xx_hal_gpio.o
 .ARM.attributes
                0x00000173       0x39 Drivers\STM32F4xx_HAL_Driver\Src\stm32f4xx_hal_rcc.o
 .ARM.attributes
                0x000001ac       0x39 Drivers\STM32F4xx_HAL_Driver\Src\stm32f4xx_hal_tim.o
 .ARM.attributes
                0x000001e5       0x39 Drivers\STM32F4xx_HAL_Driver\Src\stm32f4xx_hal_tim_ex.o
 .ARM.attributes
                0x0000021e       0x39 Drivers\STM32F4xx_HAL_Driver\Src\stm32f4xx_hal_uart.o
 .ARM.attributes
                0x00000257       0x39 Src\Odczyt.o
 .ARM.attributes
                0x00000290       0x39 Src\adc.o
 .ARM.attributes
                0x000002c9       0x39 Src\dma.o
 .ARM.attributes
                0x00000302       0x39 Src\gpio.o
 .ARM.attributes
                0x0000033b       0x39 Src\main.o
 .ARM.attributes
                0x00000374       0x39 Src\stm32f4xx_hal_msp.o
 .ARM.attributes
                0x000003ad       0x39 Src\stm32f4xx_it.o
 .ARM.attributes
                0x000003e6       0x39 Src\system_stm32f4xx.o
 .ARM.attributes
                0x0000041f       0x39 Src\tim.o
 .ARM.attributes
                0x00000458       0x39 Src\usart.o
 .ARM.attributes
                0x00000491       0x21 startup\startup_stm32f411xe.o
 .ARM.attributes
                0x000004b2       0x34 d:/aplikacje/atolic/truestudio for stm32 9.3.0/armtools/bin/../lib/gcc/arm-atollic-eabi/6.3.1/../../../../arm-atollic-eabi/lib/armv7e-m/fpu\libc_nano.a(lib_a-init.o)
 .ARM.attributes
                0x000004e6       0x34 d:/aplikacje/atolic/truestudio for stm32 9.3.0/armtools/bin/../lib/gcc/arm-atollic-eabi/6.3.1/../../../../arm-atollic-eabi/lib/armv7e-m/fpu\libc_nano.a(lib_a-memset.o)
 .ARM.attributes
                0x0000051a       0x34 d:/aplikacje/atolic/truestudio for stm32 9.3.0/armtools/bin/../lib/gcc/arm-atollic-eabi/6.3.1/../../../../arm-atollic-eabi/lib/armv7e-m/fpu\libm.a(lib_a-s_round.o)
 .ARM.attributes
                0x0000054e       0x22 d:/aplikacje/atolic/truestudio for stm32 9.3.0/armtools/bin/../lib/gcc/arm-atollic-eabi/6.3.1/armv7e-m/fpu\libgcc.a(_arm_addsubdf3.o)
 .ARM.attributes
                0x00000570       0x22 d:/aplikacje/atolic/truestudio for stm32 9.3.0/armtools/bin/../lib/gcc/arm-atollic-eabi/6.3.1/armv7e-m/fpu\libgcc.a(_arm_fixdfsi.o)
 .ARM.attributes
                0x00000592       0x22 d:/aplikacje/atolic/truestudio for stm32 9.3.0/armtools/bin/../lib/gcc/arm-atollic-eabi/6.3.1/armv7e-m/fpu\libgcc.a(_arm_truncdfsf2.o)
 .ARM.attributes
                0x000005b4       0x22 d:/aplikacje/atolic/truestudio for stm32 9.3.0/armtools/bin/../lib/gcc/arm-atollic-eabi/6.3.1/armv7e-m/fpu\libgcc.a(_aeabi_uldivmod.o)
 .ARM.attributes
                0x000005d6       0x34 d:/aplikacje/atolic/truestudio for stm32 9.3.0/armtools/bin/../lib/gcc/arm-atollic-eabi/6.3.1/armv7e-m/fpu\libgcc.a(_udivmoddi4.o)
 .ARM.attributes
                0x0000060a       0x22 d:/aplikacje/atolic/truestudio for stm32 9.3.0/armtools/bin/../lib/gcc/arm-atollic-eabi/6.3.1/armv7e-m/fpu\libgcc.a(_dvmd_tls.o)
 .ARM.attributes
                0x0000062c       0x22 d:/aplikacje/atolic/truestudio for stm32 9.3.0/armtools/bin/../lib/gcc/arm-atollic-eabi/6.3.1/armv7e-m/fpu/crtn.o
OUTPUT(Projekt_TuP_v4.elf elf32-littlearm)

.debug_info     0x00000000    0x10dbf
 .debug_info    0x00000000      0x9a8 Drivers\STM32F4xx_HAL_Driver\Src\stm32f4xx_hal.o
 .debug_info    0x000009a8      0xdfa Drivers\STM32F4xx_HAL_Driver\Src\stm32f4xx_hal_adc.o
 .debug_info    0x000017a2      0xefa Drivers\STM32F4xx_HAL_Driver\Src\stm32f4xx_hal_cortex.o
 .debug_info    0x0000269c      0xa95 Drivers\STM32F4xx_HAL_Driver\Src\stm32f4xx_hal_dma.o
 .debug_info    0x00003131      0x7ee Drivers\STM32F4xx_HAL_Driver\Src\stm32f4xx_hal_gpio.o
 .debug_info    0x0000391f      0xad7 Drivers\STM32F4xx_HAL_Driver\Src\stm32f4xx_hal_rcc.o
 .debug_info    0x000043f6     0x3519 Drivers\STM32F4xx_HAL_Driver\Src\stm32f4xx_hal_tim.o
 .debug_info    0x0000790f     0x1347 Drivers\STM32F4xx_HAL_Driver\Src\stm32f4xx_hal_tim_ex.o
 .debug_info    0x00008c56     0x16a8 Drivers\STM32F4xx_HAL_Driver\Src\stm32f4xx_hal_uart.o
 .debug_info    0x0000a2fe      0x98a Src\Odczyt.o
 .debug_info    0x0000ac88      0xcae Src\adc.o
 .debug_info    0x0000b936      0x54f Src\dma.o
 .debug_info    0x0000be85      0x5a2 Src\gpio.o
 .debug_info    0x0000c427     0x1d35 Src\main.o
 .debug_info    0x0000e15c      0x38e Src\stm32f4xx_hal_msp.o
 .debug_info    0x0000e4ea      0x746 Src\stm32f4xx_it.o
 .debug_info    0x0000ec30      0x585 Src\system_stm32f4xx.o
 .debug_info    0x0000f1b5     0x1179 Src\tim.o
 .debug_info    0x0001032e      0xa16 Src\usart.o
 .debug_info    0x00010d44       0x7b startup\startup_stm32f411xe.o

.debug_abbrev   0x00000000     0x29fd
 .debug_abbrev  0x00000000      0x264 Drivers\STM32F4xx_HAL_Driver\Src\stm32f4xx_hal.o
 .debug_abbrev  0x00000264      0x287 Drivers\STM32F4xx_HAL_Driver\Src\stm32f4xx_hal_adc.o
 .debug_abbrev  0x000004eb      0x314 Drivers\STM32F4xx_HAL_Driver\Src\stm32f4xx_hal_cortex.o
 .debug_abbrev  0x000007ff      0x2b0 Drivers\STM32F4xx_HAL_Driver\Src\stm32f4xx_hal_dma.o
 .debug_abbrev  0x00000aaf      0x1ef Drivers\STM32F4xx_HAL_Driver\Src\stm32f4xx_hal_gpio.o
 .debug_abbrev  0x00000c9e      0x2cb Drivers\STM32F4xx_HAL_Driver\Src\stm32f4xx_hal_rcc.o
 .debug_abbrev  0x00000f69      0x333 Drivers\STM32F4xx_HAL_Driver\Src\stm32f4xx_hal_tim.o
 .debug_abbrev  0x0000129c      0x2ab Drivers\STM32F4xx_HAL_Driver\Src\stm32f4xx_hal_tim_ex.o
 .debug_abbrev  0x00001547      0x322 Drivers\STM32F4xx_HAL_Driver\Src\stm32f4xx_hal_uart.o
 .debug_abbrev  0x00001869      0x1d4 Src\Odczyt.o
 .debug_abbrev  0x00001a3d      0x1ee Src\adc.o
 .debug_abbrev  0x00001c2b      0x139 Src\dma.o
 .debug_abbrev  0x00001d64      0x173 Src\gpio.o
 .debug_abbrev  0x00001ed7      0x310 Src\main.o
 .debug_abbrev  0x000021e7      0x104 Src\stm32f4xx_hal_msp.o
 .debug_abbrev  0x000022eb      0x1cf Src\stm32f4xx_it.o
 .debug_abbrev  0x000024ba      0x126 Src\system_stm32f4xx.o
 .debug_abbrev  0x000025e0      0x220 Src\tim.o
 .debug_abbrev  0x00002800      0x1eb Src\usart.o
 .debug_abbrev  0x000029eb       0x12 startup\startup_stm32f411xe.o

.debug_loc      0x00000000     0x6f6b
 .debug_loc     0x00000000      0x12e Drivers\STM32F4xx_HAL_Driver\Src\stm32f4xx_hal.o
 .debug_loc     0x0000012e      0x7e9 Drivers\STM32F4xx_HAL_Driver\Src\stm32f4xx_hal_adc.o
 .debug_loc     0x00000917      0x4fb Drivers\STM32F4xx_HAL_Driver\Src\stm32f4xx_hal_cortex.o
 .debug_loc     0x00000e12      0x727 Drivers\STM32F4xx_HAL_Driver\Src\stm32f4xx_hal_dma.o
 .debug_loc     0x00001539      0x337 Drivers\STM32F4xx_HAL_Driver\Src\stm32f4xx_hal_gpio.o
 .debug_loc     0x00001870      0x346 Drivers\STM32F4xx_HAL_Driver\Src\stm32f4xx_hal_rcc.o
 .debug_loc     0x00001bb6     0x2f57 Drivers\STM32F4xx_HAL_Driver\Src\stm32f4xx_hal_tim.o
 .debug_loc     0x00004b0d      0xa7c Drivers\STM32F4xx_HAL_Driver\Src\stm32f4xx_hal_tim_ex.o
 .debug_loc     0x00005589     0x1350 Drivers\STM32F4xx_HAL_Driver\Src\stm32f4xx_hal_uart.o
 .debug_loc     0x000068d9      0x1c0 Src\Odczyt.o
 .debug_loc     0x00006a99       0x63 Src\adc.o
 .debug_loc     0x00006afc      0x298 Src\main.o
 .debug_loc     0x00006d94      0x11c Src\system_stm32f4xx.o
 .debug_loc     0x00006eb0       0x63 Src\tim.o
 .debug_loc     0x00006f13       0x58 Src\usart.o

.debug_aranges  0x00000000      0xab0
 .debug_aranges
                0x00000000       0xe8 Drivers\STM32F4xx_HAL_Driver\Src\stm32f4xx_hal.o
 .debug_aranges
                0x000000e8       0xb8 Drivers\STM32F4xx_HAL_Driver\Src\stm32f4xx_hal_adc.o
 .debug_aranges
                0x000001a0       0xa8 Drivers\STM32F4xx_HAL_Driver\Src\stm32f4xx_hal_cortex.o
 .debug_aranges
                0x00000248       0x80 Drivers\STM32F4xx_HAL_Driver\Src\stm32f4xx_hal_dma.o
 .debug_aranges
                0x000002c8       0x58 Drivers\STM32F4xx_HAL_Driver\Src\stm32f4xx_hal_gpio.o
 .debug_aranges
                0x00000320       0x88 Drivers\STM32F4xx_HAL_Driver\Src\stm32f4xx_hal_rcc.o
 .debug_aranges
                0x000003a8      0x278 Drivers\STM32F4xx_HAL_Driver\Src\stm32f4xx_hal_tim.o
 .debug_aranges
                0x00000620       0xf8 Drivers\STM32F4xx_HAL_Driver\Src\stm32f4xx_hal_tim_ex.o
 .debug_aranges
                0x00000718      0x170 Drivers\STM32F4xx_HAL_Driver\Src\stm32f4xx_hal_uart.o
 .debug_aranges
                0x00000888       0x20 Src\Odczyt.o
 .debug_aranges
                0x000008a8       0x30 Src\adc.o
 .debug_aranges
                0x000008d8       0x20 Src\dma.o
 .debug_aranges
                0x000008f8       0x20 Src\gpio.o
 .debug_aranges
                0x00000918       0x50 Src\main.o
 .debug_aranges
                0x00000968       0x20 Src\stm32f4xx_hal_msp.o
 .debug_aranges
                0x00000988       0x58 Src\stm32f4xx_it.o
 .debug_aranges
                0x000009e0       0x28 Src\system_stm32f4xx.o
 .debug_aranges
                0x00000a08       0x50 Src\tim.o
 .debug_aranges
                0x00000a58       0x30 Src\usart.o
 .debug_aranges
                0x00000a88       0x28 startup\startup_stm32f411xe.o

.debug_ranges   0x00000000      0xc78
 .debug_ranges  0x00000000       0xd8 Drivers\STM32F4xx_HAL_Driver\Src\stm32f4xx_hal.o
 .debug_ranges  0x000000d8       0xc8 Drivers\STM32F4xx_HAL_Driver\Src\stm32f4xx_hal_adc.o
 .debug_ranges  0x000001a0      0x128 Drivers\STM32F4xx_HAL_Driver\Src\stm32f4xx_hal_cortex.o
 .debug_ranges  0x000002c8       0xc8 Drivers\STM32F4xx_HAL_Driver\Src\stm32f4xx_hal_dma.o
 .debug_ranges  0x00000390       0x68 Drivers\STM32F4xx_HAL_Driver\Src\stm32f4xx_hal_gpio.o
 .debug_ranges  0x000003f8       0xb0 Drivers\STM32F4xx_HAL_Driver\Src\stm32f4xx_hal_rcc.o
 .debug_ranges  0x000004a8      0x340 Drivers\STM32F4xx_HAL_Driver\Src\stm32f4xx_hal_tim.o
 .debug_ranges  0x000007e8       0xe8 Drivers\STM32F4xx_HAL_Driver\Src\stm32f4xx_hal_tim_ex.o
 .debug_ranges  0x000008d0      0x178 Drivers\STM32F4xx_HAL_Driver\Src\stm32f4xx_hal_uart.o
 .debug_ranges  0x00000a48       0x10 Src\Odczyt.o
 .debug_ranges  0x00000a58       0x50 Src\adc.o
 .debug_ranges  0x00000aa8       0x28 Src\dma.o
 .debug_ranges  0x00000ad0       0x40 Src\gpio.o
 .debug_ranges  0x00000b10       0x60 Src\main.o
 .debug_ranges  0x00000b70       0x10 Src\stm32f4xx_hal_msp.o
 .debug_ranges  0x00000b80       0x48 Src\stm32f4xx_it.o
 .debug_ranges  0x00000bc8       0x18 Src\system_stm32f4xx.o
 .debug_ranges  0x00000be0       0x40 Src\tim.o
 .debug_ranges  0x00000c20       0x38 Src\usart.o
 .debug_ranges  0x00000c58       0x20 startup\startup_stm32f411xe.o

.debug_line     0x00000000     0x5a8b
 .debug_line    0x00000000      0x40a Drivers\STM32F4xx_HAL_Driver\Src\stm32f4xx_hal.o
 .debug_line    0x0000040a      0x6c3 Drivers\STM32F4xx_HAL_Driver\Src\stm32f4xx_hal_adc.o
 .debug_line    0x00000acd      0x453 Drivers\STM32F4xx_HAL_Driver\Src\stm32f4xx_hal_cortex.o
 .debug_line    0x00000f20      0x558 Drivers\STM32F4xx_HAL_Driver\Src\stm32f4xx_hal_dma.o
 .debug_line    0x00001478      0x3c2 Drivers\STM32F4xx_HAL_Driver\Src\stm32f4xx_hal_gpio.o
 .debug_line    0x0000183a      0x504 Drivers\STM32F4xx_HAL_Driver\Src\stm32f4xx_hal_rcc.o
 .debug_line    0x00001d3e     0x10c9 Drivers\STM32F4xx_HAL_Driver\Src\stm32f4xx_hal_tim.o
 .debug_line    0x00002e07      0x694 Drivers\STM32F4xx_HAL_Driver\Src\stm32f4xx_hal_tim_ex.o
 .debug_line    0x0000349b      0xb7f Drivers\STM32F4xx_HAL_Driver\Src\stm32f4xx_hal_uart.o
 .debug_line    0x0000401a      0x1a1 Src\Odczyt.o
 .debug_line    0x000041bb      0x2e6 Src\adc.o
 .debug_line    0x000044a1      0x1dd Src\dma.o
 .debug_line    0x0000467e      0x1f6 Src\gpio.o
 .debug_line    0x00004874      0x567 Src\main.o
 .debug_line    0x00004ddb      0x1cf Src\stm32f4xx_hal_msp.o
 .debug_line    0x00004faa      0x282 Src\stm32f4xx_it.o
 .debug_line    0x0000522c      0x1f7 Src\system_stm32f4xx.o
 .debug_line    0x00005423      0x36c Src\tim.o
 .debug_line    0x0000578f      0x27d Src\usart.o
 .debug_line    0x00005a0c       0x7f startup\startup_stm32f411xe.o

.debug_str      0x00000000     0x4169
 .debug_str     0x00000000      0xa16 Drivers\STM32F4xx_HAL_Driver\Src\stm32f4xx_hal.o
                                0xa7f (size before relaxing)
 .debug_str     0x00000a16      0x6d2 Drivers\STM32F4xx_HAL_Driver\Src\stm32f4xx_hal_adc.o
                                0xa2d (size before relaxing)
 .debug_str     0x000010e8      0x4a1 Drivers\STM32F4xx_HAL_Driver\Src\stm32f4xx_hal_cortex.o
                                0xbac (size before relaxing)
 .debug_str     0x00001589      0x2ef Drivers\STM32F4xx_HAL_Driver\Src\stm32f4xx_hal_dma.o
                                0x850 (size before relaxing)
 .debug_str     0x00001878      0x1d3 Drivers\STM32F4xx_HAL_Driver\Src\stm32f4xx_hal_gpio.o
                                0x5dc (size before relaxing)
 .debug_str     0x00001a4b      0x2f4 Drivers\STM32F4xx_HAL_Driver\Src\stm32f4xx_hal_rcc.o
                                0x7ba (size before relaxing)
 .debug_str     0x00001d3f      0xfd9 Drivers\STM32F4xx_HAL_Driver\Src\stm32f4xx_hal_tim.o
                               0x15a7 (size before relaxing)
 .debug_str     0x00002d18      0x548 Drivers\STM32F4xx_HAL_Driver\Src\stm32f4xx_hal_tim_ex.o
                                0xdbf (size before relaxing)
 .debug_str     0x00003260      0x6dd Drivers\STM32F4xx_HAL_Driver\Src\stm32f4xx_hal_uart.o
                                0xd0b (size before relaxing)
 .debug_str     0x0000393d      0x4af Src\Odczyt.o
                                0x68f (size before relaxing)
 .debug_str     0x00003dec       0x49 Src\adc.o
                                0x911 (size before relaxing)
 .debug_str     0x00003e35       0x19 Src\dma.o
                                0x774 (size before relaxing)
 .debug_str     0x00003e4e       0x1b Src\gpio.o
                                0x47c (size before relaxing)
 .debug_str     0x00003e69      0x16b Src\main.o
                               0x13cf (size before relaxing)
 .debug_str     0x00003fd4       0x1b Src\stm32f4xx_hal_msp.o
                                0x3c4 (size before relaxing)
 .debug_str     0x00003fef       0xd7 Src\stm32f4xx_it.o
                                0x7c7 (size before relaxing)
 .debug_str     0x000040c6       0x45 Src\system_stm32f4xx.o
                                0x440 (size before relaxing)
 .debug_str     0x0000410b       0x44 Src\tim.o
                                0xe7e (size before relaxing)
 .debug_str     0x0000414f       0x1a Src\usart.o
                                0x8d5 (size before relaxing)

.comment        0x00000000       0x7c
 .comment       0x00000000       0x7c Drivers\STM32F4xx_HAL_Driver\Src\stm32f4xx_hal.o
                                 0x7d (size before relaxing)
 .comment       0x0000007c       0x7d Drivers\STM32F4xx_HAL_Driver\Src\stm32f4xx_hal_adc.o
 .comment       0x0000007c       0x7d Drivers\STM32F4xx_HAL_Driver\Src\stm32f4xx_hal_cortex.o
 .comment       0x0000007c       0x7d Drivers\STM32F4xx_HAL_Driver\Src\stm32f4xx_hal_dma.o
 .comment       0x0000007c       0x7d Drivers\STM32F4xx_HAL_Driver\Src\stm32f4xx_hal_gpio.o
 .comment       0x0000007c       0x7d Drivers\STM32F4xx_HAL_Driver\Src\stm32f4xx_hal_rcc.o
 .comment       0x0000007c       0x7d Drivers\STM32F4xx_HAL_Driver\Src\stm32f4xx_hal_tim.o
 .comment       0x0000007c       0x7d Drivers\STM32F4xx_HAL_Driver\Src\stm32f4xx_hal_tim_ex.o
 .comment       0x0000007c       0x7d Drivers\STM32F4xx_HAL_Driver\Src\stm32f4xx_hal_uart.o
 .comment       0x0000007c       0x7d Src\Odczyt.o
 .comment       0x0000007c       0x7d Src\adc.o
 .comment       0x0000007c       0x7d Src\dma.o
 .comment       0x0000007c       0x7d Src\gpio.o
 .comment       0x0000007c       0x7d Src\main.o
 .comment       0x0000007c       0x7d Src\stm32f4xx_hal_msp.o
 .comment       0x0000007c       0x7d Src\stm32f4xx_it.o
 .comment       0x0000007c       0x7d Src\system_stm32f4xx.o
 .comment       0x0000007c       0x7d Src\tim.o
 .comment       0x0000007c       0x7d Src\usart.o

.debug_frame    0x00000000     0x2040
 .debug_frame   0x00000000      0x1f4 Drivers\STM32F4xx_HAL_Driver\Src\stm32f4xx_hal.o
 .debug_frame   0x000001f4      0x248 Drivers\STM32F4xx_HAL_Driver\Src\stm32f4xx_hal_adc.o
 .debug_frame   0x0000043c      0x158 Drivers\STM32F4xx_HAL_Driver\Src\stm32f4xx_hal_cortex.o
 .debug_frame   0x00000594      0x150 Drivers\STM32F4xx_HAL_Driver\Src\stm32f4xx_hal_dma.o
 .debug_frame   0x000006e4       0xd8 Drivers\STM32F4xx_HAL_Driver\Src\stm32f4xx_hal_gpio.o
 .debug_frame   0x000007bc      0x13c Drivers\STM32F4xx_HAL_Driver\Src\stm32f4xx_hal_rcc.o
 .debug_frame   0x000008f8      0x928 Drivers\STM32F4xx_HAL_Driver\Src\stm32f4xx_hal_tim.o
 .debug_frame   0x00001220      0x360 Drivers\STM32F4xx_HAL_Driver\Src\stm32f4xx_hal_tim_ex.o
 .debug_frame   0x00001580      0x4a0 Drivers\STM32F4xx_HAL_Driver\Src\stm32f4xx_hal_uart.o
 .debug_frame   0x00001a20       0x3c Src\Odczyt.o
 .debug_frame   0x00001a5c       0x74 Src\adc.o
 .debug_frame   0x00001ad0       0x28 Src\dma.o
 .debug_frame   0x00001af8       0x34 Src\gpio.o
 .debug_frame   0x00001b2c       0xe4 Src\main.o
 .debug_frame   0x00001c10       0x28 Src\stm32f4xx_hal_msp.o
 .debug_frame   0x00001c38       0xcc Src\stm32f4xx_it.o
 .debug_frame   0x00001d04       0x38 Src\system_stm32f4xx.o
 .debug_frame   0x00001d3c       0xd4 Src\tim.o
 .debug_frame   0x00001e10       0x60 Src\usart.o
 .debug_frame   0x00001e70       0x2c d:/aplikacje/atolic/truestudio for stm32 9.3.0/armtools/bin/../lib/gcc/arm-atollic-eabi/6.3.1/../../../../arm-atollic-eabi/lib/armv7e-m/fpu\libc_nano.a(lib_a-init.o)
 .debug_frame   0x00001e9c       0x20 d:/aplikacje/atolic/truestudio for stm32 9.3.0/armtools/bin/../lib/gcc/arm-atollic-eabi/6.3.1/../../../../arm-atollic-eabi/lib/armv7e-m/fpu\libc_nano.a(lib_a-memset.o)
 .debug_frame   0x00001ebc       0x30 d:/aplikacje/atolic/truestudio for stm32 9.3.0/armtools/bin/../lib/gcc/arm-atollic-eabi/6.3.1/../../../../arm-atollic-eabi/lib/armv7e-m/fpu\libm.a(lib_a-s_round.o)
 .debug_frame   0x00001eec       0xac d:/aplikacje/atolic/truestudio for stm32 9.3.0/armtools/bin/../lib/gcc/arm-atollic-eabi/6.3.1/armv7e-m/fpu\libgcc.a(_arm_addsubdf3.o)
 .debug_frame   0x00001f98       0x24 d:/aplikacje/atolic/truestudio for stm32 9.3.0/armtools/bin/../lib/gcc/arm-atollic-eabi/6.3.1/armv7e-m/fpu\libgcc.a(_arm_fixdfsi.o)
 .debug_frame   0x00001fbc       0x24 d:/aplikacje/atolic/truestudio for stm32 9.3.0/armtools/bin/../lib/gcc/arm-atollic-eabi/6.3.1/armv7e-m/fpu\libgcc.a(_arm_truncdfsf2.o)
 .debug_frame   0x00001fe0       0x2c d:/aplikacje/atolic/truestudio for stm32 9.3.0/armtools/bin/../lib/gcc/arm-atollic-eabi/6.3.1/armv7e-m/fpu\libgcc.a(_aeabi_uldivmod.o)
 .debug_frame   0x0000200c       0x34 d:/aplikacje/atolic/truestudio for stm32 9.3.0/armtools/bin/../lib/gcc/arm-atollic-eabi/6.3.1/armv7e-m/fpu\libgcc.a(_udivmoddi4.o)
