Archive member included to satisfy reference by file (symbol)

d:/aplikacje/atolic/truestudio for stm32 9.3.0/armtools/bin/../lib/gcc/arm-atollic-eabi/6.3.1/../../../../arm-atollic-eabi/lib/armv7e-m/fpu\libc_nano.a(lib_a-errno.o)
                              Src\syscalls.o (__errno)
d:/aplikacje/atolic/truestudio for stm32 9.3.0/armtools/bin/../lib/gcc/arm-atollic-eabi/6.3.1/../../../../arm-atollic-eabi/lib/armv7e-m/fpu\libc_nano.a(lib_a-impure.o)
                              d:/aplikacje/atolic/truestudio for stm32 9.3.0/armtools/bin/../lib/gcc/arm-atollic-eabi/6.3.1/../../../../arm-atollic-eabi/lib/armv7e-m/fpu\libc_nano.a(lib_a-errno.o) (_impure_ptr)
d:/aplikacje/atolic/truestudio for stm32 9.3.0/armtools/bin/../lib/gcc/arm-atollic-eabi/6.3.1/../../../../arm-atollic-eabi/lib/armv7e-m/fpu\libc_nano.a(lib_a-init.o)
                              startup\startup_stm32f411xe.o (__libc_init_array)
d:/aplikacje/atolic/truestudio for stm32 9.3.0/armtools/bin/../lib/gcc/arm-atollic-eabi/6.3.1/../../../../arm-atollic-eabi/lib/armv7e-m/fpu\libc_nano.a(lib_a-memset.o)
                              Src\adc.o (memset)
d:/aplikacje/atolic/truestudio for stm32 9.3.0/armtools/bin/../lib/gcc/arm-atollic-eabi/6.3.1/../../../../arm-atollic-eabi/lib/armv7e-m/fpu\libm.a(lib_a-s_round.o)
                              Src\Odczyt.o (round)
d:/aplikacje/atolic/truestudio for stm32 9.3.0/armtools/bin/../lib/gcc/arm-atollic-eabi/6.3.1/armv7e-m/fpu\libgcc.a(_arm_addsubdf3.o)
                              Src\main.o (__aeabi_dadd)
d:/aplikacje/atolic/truestudio for stm32 9.3.0/armtools/bin/../lib/gcc/arm-atollic-eabi/6.3.1/armv7e-m/fpu\libgcc.a(_arm_fixdfsi.o)
                              Src\main.o (__aeabi_d2iz)
d:/aplikacje/atolic/truestudio for stm32 9.3.0/armtools/bin/../lib/gcc/arm-atollic-eabi/6.3.1/armv7e-m/fpu\libgcc.a(_arm_truncdfsf2.o)
                              Src\Odczyt.o (__aeabi_d2f)
d:/aplikacje/atolic/truestudio for stm32 9.3.0/armtools/bin/../lib/gcc/arm-atollic-eabi/6.3.1/armv7e-m/fpu\libgcc.a(_aeabi_uldivmod.o)
                              Drivers\STM32F4xx_HAL_Driver\Src\stm32f4xx_hal_irda.o (__aeabi_uldivmod)
d:/aplikacje/atolic/truestudio for stm32 9.3.0/armtools/bin/../lib/gcc/arm-atollic-eabi/6.3.1/armv7e-m/fpu\libgcc.a(_udivmoddi4.o)
                              d:/aplikacje/atolic/truestudio for stm32 9.3.0/armtools/bin/../lib/gcc/arm-atollic-eabi/6.3.1/armv7e-m/fpu\libgcc.a(_aeabi_uldivmod.o) (__udivmoddi4)
d:/aplikacje/atolic/truestudio for stm32 9.3.0/armtools/bin/../lib/gcc/arm-atollic-eabi/6.3.1/armv7e-m/fpu\libgcc.a(_dvmd_tls.o)
                              d:/aplikacje/atolic/truestudio for stm32 9.3.0/armtools/bin/../lib/gcc/arm-atollic-eabi/6.3.1/armv7e-m/fpu\libgcc.a(_aeabi_uldivmod.o) (__aeabi_ldiv0)

Allocating common symbols
Common symbol       size              file

Value               0x4               Src\Odczyt.o
SensorValue         0x10              Src\main.o
rx_buff             0xa               Src\main.o
htim10              0x40              Src\tim.o
uwTick              0x4               Drivers\STM32F4xx_HAL_Driver\Src\stm32f4xx_hal.o
pFlash              0x20              Drivers\STM32F4xx_HAL_Driver\Src\stm32f4xx_hal_flash.o
htim3               0x40              Src\tim.o
hadc1               0x48              Src\adc.o
hdma_adc1           0x60              Src\adc.o
Sensor              0x4               Src\main.o
znak                0x7               Src\main.o
NewSensor           0x20              Src\main.o
htim1               0x40              Src\tim.o
hirda2              0x3c              Src\usart.o
Error               0x4               Src\main.o
result              0x2               Src\main.o
Sum                 0x4               Src\Odczyt.o
htim2               0x40              Src\tim.o
ValueOfSensor       0x4               Src\main.o

Discarded input sections

 .text          0x00000000        0x0 d:/aplikacje/atolic/truestudio for stm32 9.3.0/armtools/bin/../lib/gcc/arm-atollic-eabi/6.3.1/armv7e-m/fpu/crti.o
 .data          0x00000000        0x0 d:/aplikacje/atolic/truestudio for stm32 9.3.0/armtools/bin/../lib/gcc/arm-atollic-eabi/6.3.1/armv7e-m/fpu/crti.o
 .bss           0x00000000        0x0 d:/aplikacje/atolic/truestudio for stm32 9.3.0/armtools/bin/../lib/gcc/arm-atollic-eabi/6.3.1/armv7e-m/fpu/crti.o
 .data          0x00000000        0x4 d:/aplikacje/atolic/truestudio for stm32 9.3.0/armtools/bin/../lib/gcc/arm-atollic-eabi/6.3.1/armv7e-m/fpu/crtbegin.o
 .text          0x00000000        0x0 Drivers\STM32F4xx_HAL_Driver\Src\stm32f4xx_hal.o
 .data          0x00000000        0x0 Drivers\STM32F4xx_HAL_Driver\Src\stm32f4xx_hal.o
 .bss           0x00000000        0x0 Drivers\STM32F4xx_HAL_Driver\Src\stm32f4xx_hal.o
 .text.HAL_MspInit
                0x00000000        0x2 Drivers\STM32F4xx_HAL_Driver\Src\stm32f4xx_hal.o
 .text.HAL_MspDeInit
                0x00000000        0x2 Drivers\STM32F4xx_HAL_Driver\Src\stm32f4xx_hal.o
 .text.HAL_DeInit
[...]
Memory Configuration

Name             Origin             Length             Attributes
RAM              0x20000000         0x00020000         xrw
FLASH            0x08000000         0x00080000         xr
*default*        0x00000000         0xffffffff

Linker script and memory map

LOAD d:/aplikacje/atolic/truestudio for stm32 9.3.0/armtools/bin/../lib/gcc/arm-atollic-eabi/6.3.1/armv7e-m/fpu/crti.o
LOAD d:/aplikacje/atolic/truestudio for stm32 9.3.0/armtools/bin/../lib/gcc/arm-atollic-eabi/6.3.1/armv7e-m/fpu/crtbegin.o
LOAD Drivers\STM32F4xx_HAL_Driver\Src\stm32f4xx_hal.o
LOAD Drivers\STM32F4xx_HAL_Driver\Src\stm32f4xx_hal_adc.o
LOAD Drivers\STM32F4xx_HAL_Driver\Src\stm32f4xx_hal_adc_ex.o
LOAD Drivers\STM32F4xx_HAL_Driver\Src\stm32f4xx_hal_cortex.o
LOAD Drivers\STM32F4xx_HAL_Driver\Src\stm32f4xx_hal_dma.o
LOAD Drivers\STM32F4xx_HAL_Driver\Src\stm32f4xx_hal_dma_ex.o
LOAD Drivers\STM32F4xx_HAL_Driver\Src\stm32f4xx_hal_exti.o
LOAD Drivers\STM32F4xx_HAL_Driver\Src\stm32f4xx_hal_flash.o
LOAD Drivers\STM32F4xx_HAL_Driver\Src\stm32f4xx_hal_flash_ex.o
LOAD Drivers\STM32F4xx_HAL_Driver\Src\stm32f4xx_hal_flash_ramfunc.o
LOAD Drivers\STM32F4xx_HAL_Driver\Src\stm32f4xx_hal_gpio.o
LOAD Drivers\STM32F4xx_HAL_Driver\Src\stm32f4xx_hal_irda.o
LOAD Drivers\STM32F4xx_HAL_Driver\Src\stm32f4xx_hal_pwr.o
LOAD Drivers\STM32F4xx_HAL_Driver\Src\stm32f4xx_hal_pwr_ex.o
LOAD Drivers\STM32F4xx_HAL_Driver\Src\stm32f4xx_hal_rcc.o
LOAD Drivers\STM32F4xx_HAL_Driver\Src\stm32f4xx_hal_rcc_ex.o
LOAD Drivers\STM32F4xx_HAL_Driver\Src\stm32f4xx_hal_tim.o
LOAD Drivers\STM32F4xx_HAL_Driver\Src\stm32f4xx_hal_tim_ex.o
LOAD Src\Odczyt.o
LOAD Src\adc.o
LOAD Src\dma.o
LOAD Src\gpio.o
LOAD Src\main.o
LOAD Src\map.o
LOAD Src\stm32f4xx_hal_msp.o
LOAD Src\stm32f4xx_it.o
LOAD Src\syscalls.o
LOAD Src\system_stm32f4xx.o
LOAD Src\tim.o
LOAD Src\usart.o
LOAD startup\startup_stm32f411xe.o
                0x00000080                malloc_getpagesize_P = 0x80
START GROUP
LOAD d:/aplikacje/atolic/truestudio for stm32 9.3.0/armtools/bin/../lib/gcc/arm-atollic-eabi/6.3.1/../../../../arm-atollic-eabi/lib/armv7e-m/fpu\libc_nano.a
LOAD d:/aplikacje/atolic/truestudio for stm32 9.3.0/armtools/bin/../lib/gcc/arm-atollic-eabi/6.3.1/../../../../arm-atollic-eabi/lib/armv7e-m/fpu\libm.a
END GROUP
START GROUP
LOAD d:/aplikacje/atolic/truestudio for stm32 9.3.0/armtools/bin/../lib/gcc/arm-atollic-eabi/6.3.1/armv7e-m/fpu\libgcc.a
LOAD d:/aplikacje/atolic/truestudio for stm32 9.3.0/armtools/bin/../lib/gcc/arm-atollic-eabi/6.3.1/../../../../arm-atollic-eabi/lib/armv7e-m/fpu\libc_nano.a
END GROUP
START GROUP
LOAD d:/aplikacje/atolic/truestudio for stm32 9.3.0/armtools/bin/../lib/gcc/arm-atollic-eabi/6.3.1/armv7e-m/fpu\libgcc.a
LOAD d:/aplikacje/atolic/truestudio for stm32 9.3.0/armtools/bin/../lib/gcc/arm-atollic-eabi/6.3.1/../../../../arm-atollic-eabi/lib/armv7e-m/fpu\libc_nano.a
LOAD d:/aplikacje/atolic/truestudio for stm32 9.3.0/armtools/bin/../lib/gcc/arm-atollic-eabi/6.3.1/../../../../arm-atollic-eabi/lib/armv7e-m/fpu\libnosys.a
END GROUP
START GROUP
LOAD d:/aplikacje/atolic/truestudio for stm32 9.3.0/armtools/bin/../lib/gcc/arm-atollic-eabi/6.3.1/armv7e-m/fpu\libgcc.a
LOAD d:/aplikacje/atolic/truestudio for stm32 9.3.0/armtools/bin/../lib/gcc/arm-atollic-eabi/6.3.1/../../../../arm-atollic-eabi/lib/armv7e-m/fpu\libc_nano.a
LOAD d:/aplikacje/atolic/truestudio for stm32 9.3.0/armtools/bin/../lib/gcc/arm-atollic-eabi/6.3.1/../../../../arm-atollic-eabi/lib/armv7e-m/fpu\libnosys.a
END GROUP
LOAD d:/aplikacje/atolic/truestudio for stm32 9.3.0/armtools/bin/../lib/gcc/arm-atollic-eabi/6.3.1/armv7e-m/fpu/crtend.o
LOAD d:/aplikacje/atolic/truestudio for stm32 9.3.0/armtools/bin/../lib/gcc/arm-atollic-eabi/6.3.1/armv7e-m/fpu/crtn.o
                0x20020000                _estack = 0x20020000
                0x00000200                _Min_Heap_Size = 0x200
                0x00000400                _Min_Stack_Size = 0x400

.isr_vector     0x08000000      0x198
                0x08000000                . = ALIGN (0x4)
 *(.isr_vector)
 .isr_vector    0x08000000      0x198 startup\startup_stm32f411xe.o
                0x08000000                g_pfnVectors
                0x08000198                . = ALIGN (0x4)

.text           0x08000198     0x3068
                0x08000198                . = ALIGN (0x4)
 *(.text)
 .text          0x08000198       0x40 d:/aplikacje/atolic/truestudio for stm32 9.3.0/armtools/bin/../lib/gcc/arm-atollic-eabi/6.3.1/armv7e-m/fpu/crtbegin.o
 .text          0x080001d8      0x370 d:/aplikacje/atolic/truestudio for stm32 9.3.0/armtools/bin/../lib/gcc/arm-atollic-eabi/6.3.1/armv7e-m/fpu\libgcc.a(_arm_addsubdf3.o)
                0x080001d8                __aeabi_drsub
                0x080001e0                __aeabi_dsub
                0x080001e0                __subdf3
                0x080001e4                __aeabi_dadd
                0x080001e4                __adddf3
                0x0800045c                __floatunsidf
                0x0800045c                __aeabi_ui2d
                0x0800047c                __floatsidf
                0x0800047c                __aeabi_i2d
                0x080004a0                __aeabi_f2d
                0x080004a0                __extendsfdf2
                0x080004dc                __floatundidf
                0x080004dc                __aeabi_ul2d
                0x080004ec                __floatdidf
                0x080004ec                __aeabi_l2d
 .text          0x08000548       0x50 d:/aplikacje/atolic/truestudio for stm32 9.3.0/armtools/bin/../lib/gcc/arm-atollic-eabi/6.3.1/armv7e-m/fpu\libgcc.a(_arm_fixdfsi.o)
                0x08000548                __aeabi_d2iz
                0x08000548                __fixdfsi
 .text          0x08000598       0xa0 d:/aplikacje/atolic/truestudio for stm32 9.3.0/armtools/bin/../lib/gcc/arm-atollic-eabi/6.3.1/armv7e-m/fpu\libgcc.a(_arm_truncdfsf2.o)
                0x08000598                __truncdfsf2
                0x08000598                __aeabi_d2f
 .text          0x08000638       0x30 d:/aplikacje/atolic/truestudio for stm32 9.3.0/armtools/bin/../lib/gcc/arm-atollic-eabi/6.3.1/armv7e-m/fpu\libgcc.a(_aeabi_uldivmod.o)
                0x08000638                __aeabi_uldivmod
 .text          0x08000668      0x2dc d:/aplikacje/atolic/truestudio for stm32 9.3.0/armtools/bin/../lib/gcc/arm-atollic-eabi/6.3.1/armv7e-m/fpu\libgcc.a(_udivmoddi4.o)
                0x08000668                __udivmoddi4
 .text          0x08000944        0x4 d:/aplikacje/atolic/truestudio for stm32 9.3.0/armtools/bin/../lib/gcc/arm-atollic-eabi/6.3.1/armv7e-m/fpu\libgcc.a(_dvmd_tls.o)
                0x08000944                __aeabi_idiv0
                0x08000944                __aeabi_ldiv0
 *(.text*)
 .text.HAL_InitTick
                0x08000948       0x48 Drivers\STM32F4xx_HAL_Driver\Src\stm32f4xx_hal.o
                0x08000948                HAL_InitTick
 .text.HAL_Init
                0x08000990       0x34 Drivers\STM32F4xx_HAL_Driver\Src\stm32f4xx_hal.o
                0x08000990                HAL_Init
 .text.HAL_IncTick
                0x080009c4       0x18 Drivers\STM32F4xx_HAL_Driver\Src\stm32f4xx_hal.o
                0x080009c4                HAL_IncTick
 .text.HAL_GetTick
                0x080009dc        0xc Drivers\STM32F4xx_HAL_Driver\Src\stm32f4xx_hal.o
                0x080009dc                HAL_GetTick
 .text.HAL_ADC_Init
                0x080009e8      0x14c Drivers\STM32F4xx_HAL_Driver\Src\stm32f4xx_hal_adc.o
                0x080009e8                HAL_ADC_Init
 .text.HAL_ADC_Start_DMA
                0x08000b34      0x100 Drivers\STM32F4xx_HAL_Driver\Src\stm32f4xx_hal_adc.o
                0x08000b34                HAL_ADC_Start_DMA
 .text.HAL_ADC_ConvCpltCallback
                0x08000c34        0x2 Drivers\STM32F4xx_HAL_Driver\Src\stm32f4xx_hal_adc.o
                0x08000c34                HAL_ADC_ConvCpltCallback
 .text.HAL_ADC_ConvHalfCpltCallback
                0x08000c36        0x2 Drivers\STM32F4xx_HAL_Driver\Src\stm32f4xx_hal_adc.o
                0x08000c36                HAL_ADC_ConvHalfCpltCallback
 .text.ADC_DMAHalfConvCplt
                0x08000c38        0xa Drivers\STM32F4xx_HAL_Driver\Src\stm32f4xx_hal_adc.o
 .text.HAL_ADC_ErrorCallback
                0x08000c42        0x2 Drivers\STM32F4xx_HAL_Driver\Src\stm32f4xx_hal_adc.o
                0x08000c42                HAL_ADC_ErrorCallback
 .text.ADC_DMAError
                0x08000c44       0x16 Drivers\STM32F4xx_HAL_Driver\Src\stm32f4xx_hal_adc.o
 .text.ADC_DMAConvCplt
                0x08000c5a       0x6c Drivers\STM32F4xx_HAL_Driver\Src\stm32f4xx_hal_adc.o
 *fill*         0x08000cc6        0x2 
 .text.HAL_ADC_ConfigChannel
                0x08000cc8      0x144 Drivers\STM32F4xx_HAL_Driver\Src\stm32f4xx_hal_adc.o
                0x08000cc8                HAL_ADC_ConfigChannel
 .text.HAL_NVIC_SetPriorityGrouping
                0x08000e0c       0x24 Drivers\STM32F4xx_HAL_Driver\Src\stm32f4xx_hal_cortex.o
                0x08000e0c                HAL_NVIC_SetPriorityGrouping
 .text.HAL_NVIC_SetPriority
                0x08000e30       0x68 Drivers\STM32F4xx_HAL_Driver\Src\stm32f4xx_hal_cortex.o
                0x08000e30                HAL_NVIC_SetPriority
 .text.HAL_NVIC_EnableIRQ
                0x08000e98       0x1c Drivers\STM32F4xx_HAL_Driver\Src\stm32f4xx_hal_cortex.o
                0x08000e98                HAL_NVIC_EnableIRQ
 .text.HAL_SYSTICK_Config
                0x08000eb4       0x2c Drivers\STM32F4xx_HAL_Driver\Src\stm32f4xx_hal_cortex.o
                0x08000eb4                HAL_SYSTICK_Config
 .text.DMA_CalcBaseAndBitshift
                0x08000ee0       0x2c Drivers\STM32F4xx_HAL_Driver\Src\stm32f4xx_hal_dma.o
 .text.HAL_DMA_Init
                0x08000f0c       0xfc Drivers\STM32F4xx_HAL_Driver\Src\stm32f4xx_hal_dma.o
                0x08000f0c                HAL_DMA_Init
 .text.HAL_DMA_Start_IT
                0x08001008       0x74 Drivers\STM32F4xx_HAL_Driver\Src\stm32f4xx_hal_dma.o
                0x08001008                HAL_DMA_Start_IT
 .text.HAL_DMA_Abort_IT
                0x0800107c       0x24 Drivers\STM32F4xx_HAL_Driver\Src\stm32f4xx_hal_dma.o
                0x0800107c                HAL_DMA_Abort_IT
 .text.HAL_DMA_IRQHandler
                0x080010a0      0x174 Drivers\STM32F4xx_HAL_Driver\Src\stm32f4xx_hal_dma.o
                0x080010a0                HAL_DMA_IRQHandler
 .text.HAL_GPIO_Init
                0x08001214      0x19c Drivers\STM32F4xx_HAL_Driver\Src\stm32f4xx_hal_gpio.o
                0x08001214                HAL_GPIO_Init
 .text.HAL_GPIO_WritePin
                0x080013b0        0xa Drivers\STM32F4xx_HAL_Driver\Src\stm32f4xx_hal_gpio.o
                0x080013b0                HAL_GPIO_WritePin
 *fill*         0x080013ba        0x2 
 .text.HAL_GPIO_EXTI_IRQHandler
                0x080013bc       0x18 Drivers\STM32F4xx_HAL_Driver\Src\stm32f4xx_hal_gpio.o
                0x080013bc                HAL_GPIO_EXTI_IRQHandler
 .text.IRDA_EndRxTransfer
                0x080013d4       0x1a Drivers\STM32F4xx_HAL_Driver\Src\stm32f4xx_hal_irda.o
 *fill*         0x080013ee        0x2 
 .text.HAL_IRDA_Init
                0x080013f0       0xf0 Drivers\STM32F4xx_HAL_Driver\Src\stm32f4xx_hal_irda.o
                0x080013f0                HAL_IRDA_Init
 .text.HAL_IRDA_Receive_IT
                0x080014e0       0x46 Drivers\STM32F4xx_HAL_Driver\Src\stm32f4xx_hal_irda.o
                0x080014e0                HAL_IRDA_Receive_IT
 .text.HAL_IRDA_TxCpltCallback
                0x08001526        0x2 Drivers\STM32F4xx_HAL_Driver\Src\stm32f4xx_hal_irda.o
                0x08001526                HAL_IRDA_TxCpltCallback
 .text.HAL_IRDA_RxCpltCallback
                0x08001528        0x2 Drivers\STM32F4xx_HAL_Driver\Src\stm32f4xx_hal_irda.o
                0x08001528                HAL_IRDA_RxCpltCallback
 .text.IRDA_Receive_IT
                0x0800152a       0x7a Drivers\STM32F4xx_HAL_Driver\Src\stm32f4xx_hal_irda.o
 .text.HAL_IRDA_ErrorCallback
                0x080015a4        0x2 Drivers\STM32F4xx_HAL_Driver\Src\stm32f4xx_hal_irda.o
                0x080015a4                HAL_IRDA_ErrorCallback
 *fill*         0x080015a6        0x2 
 .text.HAL_IRDA_IRQHandler
                0x080015a8      0x14c Drivers\STM32F4xx_HAL_Driver\Src\stm32f4xx_hal_irda.o
                0x080015a8                HAL_IRDA_IRQHandler
 .text.IRDA_DMAAbortOnError
                0x080016f4       0x10 Drivers\STM32F4xx_HAL_Driver\Src\stm32f4xx_hal_irda.o
 .text.HAL_RCC_OscConfig
                0x08001704      0x34c Drivers\STM32F4xx_HAL_Driver\Src\stm32f4xx_hal_rcc.o
                0x08001704                HAL_RCC_OscConfig
 .text.HAL_RCC_GetSysClockFreq
                0x08001a50       0x5c Drivers\STM32F4xx_HAL_Driver\Src\stm32f4xx_hal_rcc.o
                0x08001a50                HAL_RCC_GetSysClockFreq
 .text.HAL_RCC_ClockConfig
                0x08001aac      0x138 Drivers\STM32F4xx_HAL_Driver\Src\stm32f4xx_hal_rcc.o
                0x08001aac                HAL_RCC_ClockConfig
 .text.HAL_RCC_GetPCLK1Freq
                0x08001be4       0x20 Drivers\STM32F4xx_HAL_Driver\Src\stm32f4xx_hal_rcc.o
                0x08001be4                HAL_RCC_GetPCLK1Freq
 .text.HAL_RCC_GetPCLK2Freq
                0x08001c04       0x20 Drivers\STM32F4xx_HAL_Driver\Src\stm32f4xx_hal_rcc.o
                0x08001c04                HAL_RCC_GetPCLK2Freq
 .text.TIM_OC1_SetConfig
                0x08001c24       0x50 Drivers\STM32F4xx_HAL_Driver\Src\stm32f4xx_hal_tim.o
 .text.TIM_OC3_SetConfig
                0x08001c74       0x54 Drivers\STM32F4xx_HAL_Driver\Src\stm32f4xx_hal_tim.o
 .text.TIM_OC4_SetConfig
                0x08001cc8       0x44 Drivers\STM32F4xx_HAL_Driver\Src\stm32f4xx_hal_tim.o
 .text.HAL_TIM_Base_Start_IT
                0x08001d0c       0x20 Drivers\STM32F4xx_HAL_Driver\Src\stm32f4xx_hal_tim.o
                0x08001d0c                HAL_TIM_Base_Start_IT
 .text.HAL_TIM_PWM_MspInit
                0x08001d2c        0x2 Drivers\STM32F4xx_HAL_Driver\Src\stm32f4xx_hal_tim.o
                0x08001d2c                HAL_TIM_PWM_MspInit
 .text.HAL_TIM_OC_DelayElapsedCallback
                0x08001d2e        0x2 Drivers\STM32F4xx_HAL_Driver\Src\stm32f4xx_hal_tim.o
                0x08001d2e                HAL_TIM_OC_DelayElapsedCallback
 .text.HAL_TIM_IC_CaptureCallback
                0x08001d30        0x2 Drivers\STM32F4xx_HAL_Driver\Src\stm32f4xx_hal_tim.o
                0x08001d30                HAL_TIM_IC_CaptureCallback
 .text.HAL_TIM_PWM_PulseFinishedCallback
                0x08001d32        0x2 Drivers\STM32F4xx_HAL_Driver\Src\stm32f4xx_hal_tim.o
                0x08001d32                HAL_TIM_PWM_PulseFinishedCallback
 .text.HAL_TIM_TriggerCallback
                0x08001d34        0x2 Drivers\STM32F4xx_HAL_Driver\Src\stm32f4xx_hal_tim.o
                0x08001d34                HAL_TIM_TriggerCallback
 .text.HAL_TIM_IRQHandler
                0x08001d36      0x144 Drivers\STM32F4xx_HAL_Driver\Src\stm32f4xx_hal_tim.o
                0x08001d36                HAL_TIM_IRQHandler
 *fill*         0x08001e7a        0x2 
 .text.TIM_Base_SetConfig
                0x08001e7c       0x9c Drivers\STM32F4xx_HAL_Driver\Src\stm32f4xx_hal_tim.o
                0x08001e7c                TIM_Base_SetConfig
 .text.HAL_TIM_Base_Init
                0x08001f18       0x34 Drivers\STM32F4xx_HAL_Driver\Src\stm32f4xx_hal_tim.o
                0x08001f18                HAL_TIM_Base_Init
 .text.HAL_TIM_PWM_Init
                0x08001f4c       0x34 Drivers\STM32F4xx_HAL_Driver\Src\stm32f4xx_hal_tim.o
                0x08001f4c                HAL_TIM_PWM_Init
 .text.TIM_OC2_SetConfig
                0x08001f80       0x58 Drivers\STM32F4xx_HAL_Driver\Src\stm32f4xx_hal_tim.o
                0x08001f80                TIM_OC2_SetConfig
 .text.HAL_TIM_PWM_ConfigChannel
                0x08001fd8       0xc4 Drivers\STM32F4xx_HAL_Driver\Src\stm32f4xx_hal_tim.o
                0x08001fd8                HAL_TIM_PWM_ConfigChannel
 .text.TIM_ETR_SetConfig
                0x0800209c       0x14 Drivers\STM32F4xx_HAL_Driver\Src\stm32f4xx_hal_tim.o
                0x0800209c                TIM_ETR_SetConfig
 .text.HAL_TIM_ConfigClockSource
                0x080020b0      0x128 Drivers\STM32F4xx_HAL_Driver\Src\stm32f4xx_hal_tim.o
                0x080020b0                HAL_TIM_ConfigClockSource
 .text.TIM_CCxChannelCmd
                0x080021d8       0x1c Drivers\STM32F4xx_HAL_Driver\Src\stm32f4xx_hal_tim.o
                0x080021d8                TIM_CCxChannelCmd
 .text.HAL_TIM_PWM_Start
                0x080021f4       0x38 Drivers\STM32F4xx_HAL_Driver\Src\stm32f4xx_hal_tim.o
                0x080021f4                HAL_TIM_PWM_Start
 .text.HAL_TIMEx_MasterConfigSynchronization
                0x0800222c       0x74 Drivers\STM32F4xx_HAL_Driver\Src\stm32f4xx_hal_tim_ex.o
                0x0800222c                HAL_TIMEx_MasterConfigSynchronization
 .text.HAL_TIMEx_CommutCallback
                0x080022a0        0x2 Drivers\STM32F4xx_HAL_Driver\Src\stm32f4xx_hal_tim_ex.o
                0x080022a0                HAL_TIMEx_CommutCallback
 .text.HAL_TIMEx_BreakCallback
                0x080022a2        0x2 Drivers\STM32F4xx_HAL_Driver\Src\stm32f4xx_hal_tim_ex.o
                0x080022a2                HAL_TIMEx_BreakCallback
 .text.MX_ADC1_Init
                0x080022a4       0xf8 Src\adc.o
                0x080022a4                MX_ADC1_Init
 .text.HAL_ADC_MspInit
                0x0800239c       0xc8 Src\adc.o
                0x0800239c                HAL_ADC_MspInit
 .text.MX_DMA_Init
                0x08002464       0x34 Src\dma.o
                0x08002464                MX_DMA_Init
 .text.MX_GPIO_Init
                0x08002498       0xe0 Src\gpio.o
                0x08002498                MX_GPIO_Init
 .text.SpeedEngine
                0x08002578       0x3c Src\main.o
                0x08002578                SpeedEngine
 .text.HAL_Values
                0x080025b4       0xac Src\main.o
                0x080025b4                HAL_Values
 .text.HAL_Licz
                0x08002660      0x170 Src\main.o
                0x08002660                HAL_Licz
 .text.HAL_TIM_PeriodElapsedCallback
                0x080027d0      0x164 Src\main.o
                0x080027d0                HAL_TIM_PeriodElapsedCallback
 .text.SystemClock_Config
                0x08002934       0x90 Src\main.o
                0x08002934                SystemClock_Config
 .text.startup.main
                0x080029c4      0x254 Src\main.o
                0x080029c4                main
 .text.HAL_GPIO_EXTI_Callback
                0x08002c18       0x3c Src\main.o
                0x08002c18                HAL_GPIO_EXTI_Callback
 .text.Error_Handler
                0x08002c54        0x2 Src\main.o
                0x08002c54                Error_Handler
 *fill*         0x08002c56        0x2 
 .text.HAL_MspInit
                0x08002c58       0x38 Src\stm32f4xx_hal_msp.o
                0x08002c58                HAL_MspInit
 .text.NMI_Handler
                0x08002c90        0x2 Src\stm32f4xx_it.o
                0x08002c90                NMI_Handler
 .text.HardFault_Handler
                0x08002c92        0x2 Src\stm32f4xx_it.o
                0x08002c92                HardFault_Handler
 .text.MemManage_Handler
                0x08002c94        0x2 Src\stm32f4xx_it.o
                0x08002c94                MemManage_Handler
 .text.BusFault_Handler
                0x08002c96        0x2 Src\stm32f4xx_it.o
                0x08002c96                BusFault_Handler
 .text.UsageFault_Handler
                0x08002c98        0x2 Src\stm32f4xx_it.o
                0x08002c98                UsageFault_Handler
 .text.SVC_Handler
                0x08002c9a        0x2 Src\stm32f4xx_it.o
                0x08002c9a                SVC_Handler
 .text.DebugMon_Handler
                0x08002c9c        0x2 Src\stm32f4xx_it.o
                0x08002c9c                DebugMon_Handler
 .text.PendSV_Handler
                0x08002c9e        0x2 Src\stm32f4xx_it.o
                0x08002c9e                PendSV_Handler
 .text.SysTick_Handler
                0x08002ca0        0x4 Src\stm32f4xx_it.o
                0x08002ca0                SysTick_Handler
 .text.EXTI9_5_IRQHandler
                0x08002ca4        0x6 Src\stm32f4xx_it.o
                0x08002ca4                EXTI9_5_IRQHandler
 *fill*         0x08002caa        0x2 
 .text.TIM1_UP_TIM10_IRQHandler
                0x08002cac       0x1c Src\stm32f4xx_it.o
                0x08002cac                TIM1_UP_TIM10_IRQHandler
 .text.USART2_IRQHandler
                0x08002cc8        0xc Src\stm32f4xx_it.o
                0x08002cc8                USART2_IRQHandler
 .text.DMA2_Stream0_IRQHandler
                0x08002cd4        0xc Src\stm32f4xx_it.o
                0x08002cd4                DMA2_Stream0_IRQHandler
 .text.SystemInit
                0x08002ce0       0x1c Src\system_stm32f4xx.o
                0x08002ce0                SystemInit
 .text.MX_TIM1_Init
                0x08002cfc       0x64 Src\tim.o
                0x08002cfc                MX_TIM1_Init
 .text.MX_TIM10_Init
                0x08002d60       0x34 Src\tim.o
                0x08002d60                MX_TIM10_Init
 .text.HAL_TIM_Base_MspInit
                0x08002d94       0xa8 Src\tim.o
                0x08002d94                HAL_TIM_Base_MspInit
 .text.HAL_TIM_MspPostInit
                0x08002e3c       0x80 Src\tim.o
                0x08002e3c                HAL_TIM_MspPostInit
 .text.MX_TIM2_Init
                0x08002ebc       0xa0 Src\tim.o
                0x08002ebc                MX_TIM2_Init
 .text.MX_TIM3_Init
                0x08002f5c       0xa0 Src\tim.o
                0x08002f5c                MX_TIM3_Init
 .text.MX_USART2_IRDA_Init
                0x08002ffc       0x38 Src\usart.o
                0x08002ffc                MX_USART2_IRDA_Init
 .text.HAL_IRDA_MspInit
                0x08003034       0x7c Src\usart.o
                0x08003034                HAL_IRDA_MspInit
 .text.Reset_Handler
                0x080030b0       0x50 startup\startup_stm32f411xe.o
                0x080030b0                Reset_Handler
 .text.Default_Handler
                0x08003100        0x2 startup\startup_stm32f411xe.o
                0x08003100                RTC_Alarm_IRQHandler
                0x08003100                EXTI2_IRQHandler
                0x08003100                SPI4_IRQHandler
                0x08003100                TIM1_CC_IRQHandler
                0x08003100                DMA2_Stream5_IRQHandler
                0x08003100                DMA1_Stream5_IRQHandler
                0x08003100                PVD_IRQHandler
                0x08003100                SDIO_IRQHandler
                0x08003100                TAMP_STAMP_IRQHandler
                0x08003100                EXTI3_IRQHandler
                0x08003100                I2C3_ER_IRQHandler
                0x08003100                EXTI0_IRQHandler
                0x08003100                I2C2_EV_IRQHandler
                0x08003100                DMA1_Stream2_IRQHandler
                0x08003100                FPU_IRQHandler
                0x08003100                DMA2_Stream2_IRQHandler
                0x08003100                SPI1_IRQHandler
                0x08003100                TIM1_BRK_TIM9_IRQHandler
                0x08003100                DMA2_Stream3_IRQHandler
                0x08003100                USART6_IRQHandler
                0x08003100                TIM4_IRQHandler
                0x08003100                I2C1_EV_IRQHandler
                0x08003100                DMA1_Stream6_IRQHandler
                0x08003100                DMA1_Stream1_IRQHandler
                0x08003100                TIM3_IRQHandler
                0x08003100                RCC_IRQHandler
                0x08003100                Default_Handler
                0x08003100                EXTI15_10_IRQHandler
                0x08003100                ADC_IRQHandler
                0x08003100                DMA1_Stream7_IRQHandler
                0x08003100                SPI5_IRQHandler
                0x08003100                TIM5_IRQHandler
                0x08003100                DMA2_Stream7_IRQHandler
                0x08003100                I2C3_EV_IRQHandler
                0x08003100                RTC_WKUP_IRQHandler
                0x08003100                SPI2_IRQHandler
                0x08003100                DMA1_Stream0_IRQHandler
                0x08003100                EXTI4_IRQHandler
                0x08003100                WWDG_IRQHandler
                0x08003100                TIM2_IRQHandler
                0x08003100                OTG_FS_WKUP_IRQHandler
                0x08003100                TIM1_TRG_COM_TIM11_IRQHandler
                0x08003100                EXTI1_IRQHandler
                0x08003100                I2C2_ER_IRQHandler
                0x08003100                DMA2_Stream1_IRQHandler
                0x08003100                FLASH_IRQHandler
                0x08003100                DMA2_Stream4_IRQHandler
                0x08003100                USART1_IRQHandler
                0x08003100                OTG_FS_IRQHandler
                0x08003100                SPI3_IRQHandler
                0x08003100                DMA1_Stream4_IRQHandler
                0x08003100                I2C1_ER_IRQHandler
                0x08003100                DMA2_Stream6_IRQHandler
                0x08003100                DMA1_Stream3_IRQHandler
 *fill*         0x08003102        0x2 
 .text.__libc_init_array
                0x08003104       0x48 d:/aplikacje/atolic/truestudio for stm32 9.3.0/armtools/bin/../lib/gcc/arm-atollic-eabi/6.3.1/../../../../arm-atollic-eabi/lib/armv7e-m/fpu\libc_nano.a(lib_a-init.o)
                0x08003104                __libc_init_array
 .text.memset   0x0800314c       0x10 d:/aplikacje/atolic/truestudio for stm32 9.3.0/armtools/bin/../lib/gcc/arm-atollic-eabi/6.3.1/../../../../arm-atollic-eabi/lib/armv7e-m/fpu\libc_nano.a(lib_a-memset.o)
                0x0800314c                memset
 .text.round    0x0800315c       0x8c d:/aplikacje/atolic/truestudio for stm32 9.3.0/armtools/bin/../lib/gcc/arm-atollic-eabi/6.3.1/../../../../arm-atollic-eabi/lib/armv7e-m/fpu\libm.a(lib_a-s_round.o)
                0x0800315c                round
 *(.glue_7)
 .glue_7        0x080031e8        0x0 linker stubs
 *(.glue_7t)
 .glue_7t       0x080031e8        0x0 linker stubs
 *(.eh_frame)
 .eh_frame      0x080031e8        0x0 d:/aplikacje/atolic/truestudio for stm32 9.3.0/armtools/bin/../lib/gcc/arm-atollic-eabi/6.3.1/armv7e-m/fpu/crtbegin.o
 *(.init)
 .init          0x080031e8        0x4 d:/aplikacje/atolic/truestudio for stm32 9.3.0/armtools/bin/../lib/gcc/arm-atollic-eabi/6.3.1/armv7e-m/fpu/crti.o
                0x080031e8                _init
 .init          0x080031ec        0x8 d:/aplikacje/atolic/truestudio for stm32 9.3.0/armtools/bin/../lib/gcc/arm-atollic-eabi/6.3.1/armv7e-m/fpu/crtn.o
 *(.fini)
 .fini          0x080031f4        0x4 d:/aplikacje/atolic/truestudio for stm32 9.3.0/armtools/bin/../lib/gcc/arm-atollic-eabi/6.3.1/armv7e-m/fpu/crti.o
                0x080031f4                _fini
 .fini          0x080031f8        0x8 d:/aplikacje/atolic/truestudio for stm32 9.3.0/armtools/bin/../lib/gcc/arm-atollic-eabi/6.3.1/armv7e-m/fpu/crtn.o
                0x08003200                . = ALIGN (0x4)
                0x08003200                _etext = .

.vfp11_veneer   0x08003200        0x0
 .vfp11_veneer  0x08003200        0x0 linker stubs

.v4_bx          0x08003200        0x0
 .v4_bx         0x08003200        0x0 linker stubs

.iplt           0x08003200        0x0
 .iplt          0x08003200        0x0 d:/aplikacje/atolic/truestudio for stm32 9.3.0/armtools/bin/../lib/gcc/arm-atollic-eabi/6.3.1/armv7e-m/fpu/crtbegin.o

.rodata         0x08003200       0x20
                0x08003200                . = ALIGN (0x4)
 *(.rodata)
 *(.rodata*)
 .rodata.flagBitshiftOffset.7935
                0x08003200        0x8 Drivers\STM32F4xx_HAL_Driver\Src\stm32f4xx_hal_dma.o
 .rodata.AHBPrescTable
                0x08003208       0x10 Src\system_stm32f4xx.o
                0x08003208                AHBPrescTable
 .rodata.APBPrescTable
                0x08003218        0x8 Src\system_stm32f4xx.o
                0x08003218                APBPrescTable
                0x08003220                . = ALIGN (0x4)

.ARM.extab
 *(.ARM.extab* .gnu.linkonce.armextab.*)

.ARM            0x08003220        0x8
                0x08003220                __exidx_start = .
 *(.ARM.exidx*)
 .ARM.exidx     0x08003220        0x8 d:/aplikacje/atolic/truestudio for stm32 9.3.0/armtools/bin/../lib/gcc/arm-atollic-eabi/6.3.1/armv7e-m/fpu\libgcc.a(_udivmoddi4.o)
                0x08003228                __exidx_end = .

.rel.dyn        0x08003228        0x0
 .rel.iplt      0x08003228        0x0 d:/aplikacje/atolic/truestudio for stm32 9.3.0/armtools/bin/../lib/gcc/arm-atollic-eabi/6.3.1/armv7e-m/fpu/crtbegin.o

.preinit_array  0x08003228        0x0
                0x08003228                PROVIDE (__preinit_array_start, .)
 *(.preinit_array*)
                0x08003228                PROVIDE (__preinit_array_end, .)

.init_array     0x08003228        0x4
                0x08003228                PROVIDE (__init_array_start, .)
 *(SORT(.init_array.*))
 *(.init_array*)
 .init_array    0x08003228        0x4 d:/aplikacje/atolic/truestudio for stm32 9.3.0/armtools/bin/../lib/gcc/arm-atollic-eabi/6.3.1/armv7e-m/fpu/crtbegin.o
                0x0800322c                PROVIDE (__init_array_end, .)

.fini_array     0x0800322c        0x4
                [!provide]                PROVIDE (__fini_array_start, .)
 *(SORT(.fini_array.*))
 *(.fini_array*)
 .fini_array    0x0800322c        0x4 d:/aplikacje/atolic/truestudio for stm32 9.3.0/armtools/bin/../lib/gcc/arm-atollic-eabi/6.3.1/armv7e-m/fpu/crtbegin.o
                [!provide]                PROVIDE (__fini_array_end, .)
                0x08003230                _sidata = LOADADDR (.data)

.data           0x20000000       0x24 load address 0x08003230
                0x20000000                . = ALIGN (0x4)
                0x20000000                _sdata = .
 *(.data)
 *(.data*)
 .data.uwTickFreq
                0x20000000        0x1 Drivers\STM32F4xx_HAL_Driver\Src\stm32f4xx_hal.o
                0x20000000                uwTickFreq
 *fill*         0x20000001        0x3 
 .data.uwTickPrio
                0x20000004        0x4 Drivers\STM32F4xx_HAL_Driver\Src\stm32f4xx_hal.o
                0x20000004                uwTickPrio
 .data.IntegralLimit
                0x20000008        0x4 Src\main.o
                0x20000008                IntegralLimit
 .data.Kd       0x2000000c        0x4 Src\main.o
                0x2000000c                Kd
 .data.Ki       0x20000010        0x4 Src\main.o
                0x20000010                Ki
 .data.Kp       0x20000014        0x4 Src\main.o
                0x20000014                Kp
 .data.limit    0x20000018        0x4 Src\main.o
                0x20000018                limit
 .data.max      0x2000001c        0x2 Src\main.o
                0x2000001c                max
 .data.min      0x2000001e        0x2 Src\main.o
                0x2000001e                min
 .data.SystemCoreClock
                0x20000020        0x4 Src\system_stm32f4xx.o
                0x20000020                SystemCoreClock
                0x20000024                . = ALIGN (0x4)
                0x20000024                _edata = .

.igot.plt       0x20000024        0x0 load address 0x08003254
 .igot.plt      0x20000024        0x0 d:/aplikacje/atolic/truestudio for stm32 9.3.0/armtools/bin/../lib/gcc/arm-atollic-eabi/6.3.1/armv7e-m/fpu/crtbegin.o
                0x20000024                . = ALIGN (0x4)

.bss            0x20000024      0x288 load address 0x08003254
                0x20000024                _sbss = .
                0x20000024                __bss_start__ = _sbss
 *(.bss)
 .bss           0x20000024       0x1c d:/aplikacje/atolic/truestudio for stm32 9.3.0/armtools/bin/../lib/gcc/arm-atollic-eabi/6.3.1/armv7e-m/fpu/crtbegin.o
 *(.bss*)
 .bss.ActualLeft
                0x20000040        0x4 Src\main.o
                0x20000040                ActualLeft
 .bss.ActualRight
                0x20000044        0x4 Src\main.o
                0x20000044                ActualRight
 .bss.ActualSensorValue
                0x20000048        0x4 Src\main.o
                0x20000048                ActualSensorValue
 .bss.ControlVariable
                0x2000004c        0x4 Src\main.o
                0x2000004c                ControlVariable
 .bss.Derivative
                0x20000050        0x4 Src\main.o
                0x20000050                Derivative
 .bss.Integral  0x20000054        0x4 Src\main.o
                0x20000054                Integral
 .bss.LastError
                0x20000058        0x4 Src\main.o
                0x20000058                LastError
 .bss.SetPoint  0x2000005c        0x4 Src\main.o
                0x2000005c                SetPoint
 .bss.a         0x20000060        0x4 Src\main.o
                0x20000060                a
 .bss.switch_on
                0x20000064        0x4 Src\main.o
                0x20000064                switch_on
 *(COMMON)
 COMMON         0x20000068        0x4 Drivers\STM32F4xx_HAL_Driver\Src\stm32f4xx_hal.o
                0x20000068                uwTick
 COMMON         0x2000006c        0x8 Src\Odczyt.o
                0x2000006c                Value
                0x20000070                Sum
 COMMON         0x20000074       0xa8 Src\adc.o
                0x20000074                hadc1
                0x200000bc                hdma_adc1
 COMMON         0x2000011c       0x54 Src\main.o
                0x2000011c                SensorValue
                0x2000012c                rx_buff
                0x20000138                Sensor
                0x2000013c                znak
                0x20000144                NewSensor
                0x20000164                Error
                0x20000168                result
                0x2000016c                ValueOfSensor
 COMMON         0x20000170      0x100 Src\tim.o
                0x20000170                htim10
                0x200001b0                htim3
                0x200001f0                htim1
                0x20000230                htim2
 COMMON         0x20000270       0x3c Src\usart.o
                0x20000270                hirda2
                0x200002ac                . = ALIGN (0x4)
                0x200002ac                _ebss = .
                0x200002ac                __bss_end__ = _ebss

._user_heap_stack
                0x200002ac      0x600 load address 0x08003254
                0x200002ac                . = ALIGN (0x4)
                0x200002ac                PROVIDE (end, .)
                [!provide]                PROVIDE (_end, .)
                0x200004ac                . = (. + _Min_Heap_Size)
 *fill*         0x200002ac      0x200 
                0x200008ac                . = (. + _Min_Stack_Size)
 *fill*         0x200004ac      0x400 
                0x200008ac                . = ALIGN (0x4)

/DISCARD/
 libc.a(*)
 libm.a(*)
 libgcc.a(*)

.ARM.attributes
                0x00000000       0x30
 *(.ARM.attributes)
 .ARM.attributes
                0x00000000       0x22 d:/aplikacje/atolic/truestudio for stm32 9.3.0/armtools/bin/../lib/gcc/arm-atollic-eabi/6.3.1/armv7e-m/fpu/crti.o
 .ARM.attributes
                0x00000022       0x34 d:/aplikacje/atolic/truestudio for stm32 9.3.0/armtools/bin/../lib/gcc/arm-atollic-eabi/6.3.1/armv7e-m/fpu/crtbegin.o
 .ARM.attributes
                0x00000056       0x39 Drivers\STM32F4xx_HAL_Driver\Src\stm32f4xx_hal.o
 .ARM.attributes
                0x0000008f       0x39 Drivers\STM32F4xx_HAL_Driver\Src\stm32f4xx_hal_adc.o
 .ARM.attributes
                0x000000c8       0x39 Drivers\STM32F4xx_HAL_Driver\Src\stm32f4xx_hal_cortex.o
 .ARM.attributes
                0x00000101       0x39 Drivers\STM32F4xx_HAL_Driver\Src\stm32f4xx_hal_dma.o
 .ARM.attributes
                0x0000013a       0x39 Drivers\STM32F4xx_HAL_Driver\Src\stm32f4xx_hal_gpio.o
 .ARM.attributes
                0x00000173       0x39 Drivers\STM32F4xx_HAL_Driver\Src\stm32f4xx_hal_irda.o
 .ARM.attributes
                0x000001ac       0x39 Drivers\STM32F4xx_HAL_Driver\Src\stm32f4xx_hal_rcc.o
 .ARM.attributes
                0x000001e5       0x39 Drivers\STM32F4xx_HAL_Driver\Src\stm32f4xx_hal_tim.o
 .ARM.attributes
                0x0000021e       0x39 Drivers\STM32F4xx_HAL_Driver\Src\stm32f4xx_hal_tim_ex.o
 .ARM.attributes
                0x00000257       0x39 Src\Odczyt.o
 .ARM.attributes
                0x00000290       0x39 Src\adc.o
 .ARM.attributes
                0x000002c9       0x39 Src\dma.o
 .ARM.attributes
                0x00000302       0x39 Src\gpio.o
 .ARM.attributes
                0x0000033b       0x39 Src\main.o
 .ARM.attributes
                0x00000374       0x39 Src\stm32f4xx_hal_msp.o
 .ARM.attributes
                0x000003ad       0x39 Src\stm32f4xx_it.o
 .ARM.attributes
                0x000003e6       0x39 Src\system_stm32f4xx.o
 .ARM.attributes
                0x0000041f       0x39 Src\tim.o
 .ARM.attributes
                0x00000458       0x39 Src\usart.o
 .ARM.attributes
                0x00000491       0x21 startup\startup_stm32f411xe.o
 .ARM.attributes
                0x000004b2       0x34 d:/aplikacje/atolic/truestudio for stm32 9.3.0/armtools/bin/../lib/gcc/arm-atollic-eabi/6.3.1/../../../../arm-atollic-eabi/lib/armv7e-m/fpu\libc_nano.a(lib_a-init.o)
 .ARM.attributes
                0x000004e6       0x34 d:/aplikacje/atolic/truestudio for stm32 9.3.0/armtools/bin/../lib/gcc/arm-atollic-eabi/6.3.1/../../../../arm-atollic-eabi/lib/armv7e-m/fpu\libc_nano.a(lib_a-memset.o)
 .ARM.attributes
                0x0000051a       0x34 d:/aplikacje/atolic/truestudio for stm32 9.3.0/armtools/bin/../lib/gcc/arm-atollic-eabi/6.3.1/../../../../arm-atollic-eabi/lib/armv7e-m/fpu\libm.a(lib_a-s_round.o)
 .ARM.attributes
                0x0000054e       0x22 d:/aplikacje/atolic/truestudio for stm32 9.3.0/armtools/bin/../lib/gcc/arm-atollic-eabi/6.3.1/armv7e-m/fpu\libgcc.a(_arm_addsubdf3.o)
 .ARM.attributes
                0x00000570       0x22 d:/aplikacje/atolic/truestudio for stm32 9.3.0/armtools/bin/../lib/gcc/arm-atollic-eabi/6.3.1/armv7e-m/fpu\libgcc.a(_arm_fixdfsi.o)
 .ARM.attributes
                0x00000592       0x22 d:/aplikacje/atolic/truestudio for stm32 9.3.0/armtools/bin/../lib/gcc/arm-atollic-eabi/6.3.1/armv7e-m/fpu\libgcc.a(_arm_truncdfsf2.o)
 .ARM.attributes
                0x000005b4       0x22 d:/aplikacje/atolic/truestudio for stm32 9.3.0/armtools/bin/../lib/gcc/arm-atollic-eabi/6.3.1/armv7e-m/fpu\libgcc.a(_aeabi_uldivmod.o)
 .ARM.attributes
                0x000005d6       0x34 d:/aplikacje/atolic/truestudio for stm32 9.3.0/armtools/bin/../lib/gcc/arm-atollic-eabi/6.3.1/armv7e-m/fpu\libgcc.a(_udivmoddi4.o)
 .ARM.attributes
                0x0000060a       0x22 d:/aplikacje/atolic/truestudio for stm32 9.3.0/armtools/bin/../lib/gcc/arm-atollic-eabi/6.3.1/armv7e-m/fpu\libgcc.a(_dvmd_tls.o)
 .ARM.attributes
                0x0000062c       0x22 d:/aplikacje/atolic/truestudio for stm32 9.3.0/armtools/bin/../lib/gcc/arm-atollic-eabi/6.3.1/armv7e-m/fpu/crtn.o
OUTPUT(Projekt_TuP_v5.elf elf32-littlearm)

.debug_info     0x00000000    0x11270
 .debug_info    0x00000000      0x9a8 Drivers\STM32F4xx_HAL_Driver\Src\stm32f4xx_hal.o
 .debug_info    0x000009a8      0xdfa Drivers\STM32F4xx_HAL_Driver\Src\stm32f4xx_hal_adc.o
 .debug_info    0x000017a2      0xefa Drivers\STM32F4xx_HAL_Driver\Src\stm32f4xx_hal_cortex.o
 .debug_info    0x0000269c      0xa95 Drivers\STM32F4xx_HAL_Driver\Src\stm32f4xx_hal_dma.o
 .debug_info    0x00003131      0x7ee Drivers\STM32F4xx_HAL_Driver\Src\stm32f4xx_hal_gpio.o
 .debug_info    0x0000391f     0x1454 Drivers\STM32F4xx_HAL_Driver\Src\stm32f4xx_hal_irda.o
 .debug_info    0x00004d73      0xad7 Drivers\STM32F4xx_HAL_Driver\Src\stm32f4xx_hal_rcc.o
 .debug_info    0x0000584a     0x3519 Drivers\STM32F4xx_HAL_Driver\Src\stm32f4xx_hal_tim.o
 .debug_info    0x00008d63     0x1347 Drivers\STM32F4xx_HAL_Driver\Src\stm32f4xx_hal_tim_ex.o
 .debug_info    0x0000a0aa      0x98a Src\Odczyt.o
 .debug_info    0x0000aa34      0xcae Src\adc.o
 .debug_info    0x0000b6e2      0x54f Src\dma.o
 .debug_info    0x0000bc31      0x799 Src\gpio.o
 .debug_info    0x0000c3ca     0x1df2 Src\main.o
 .debug_info    0x0000e1bc      0x38e Src\stm32f4xx_hal_msp.o
 .debug_info    0x0000e54a      0x9a8 Src\stm32f4xx_it.o
 .debug_info    0x0000eef2      0x585 Src\system_stm32f4xx.o
 .debug_info    0x0000f477     0x1179 Src\tim.o
 .debug_info    0x000105f0      0xc05 Src\usart.o
 .debug_info    0x000111f5       0x7b startup\startup_stm32f411xe.o

.debug_abbrev   0x00000000     0x2a4f
 .debug_abbrev  0x00000000      0x264 Drivers\STM32F4xx_HAL_Driver\Src\stm32f4xx_hal.o
 .debug_abbrev  0x00000264      0x287 Drivers\STM32F4xx_HAL_Driver\Src\stm32f4xx_hal_adc.o
 .debug_abbrev  0x000004eb      0x314 Drivers\STM32F4xx_HAL_Driver\Src\stm32f4xx_hal_cortex.o
 .debug_abbrev  0x000007ff      0x2b0 Drivers\STM32F4xx_HAL_Driver\Src\stm32f4xx_hal_dma.o
 .debug_abbrev  0x00000aaf      0x1ef Drivers\STM32F4xx_HAL_Driver\Src\stm32f4xx_hal_gpio.o
 .debug_abbrev  0x00000c9e      0x328 Drivers\STM32F4xx_HAL_Driver\Src\stm32f4xx_hal_irda.o
 .debug_abbrev  0x00000fc6      0x2cb Drivers\STM32F4xx_HAL_Driver\Src\stm32f4xx_hal_rcc.o
 .debug_abbrev  0x00001291      0x333 Drivers\STM32F4xx_HAL_Driver\Src\stm32f4xx_hal_tim.o
 .debug_abbrev  0x000015c4      0x2ab Drivers\STM32F4xx_HAL_Driver\Src\stm32f4xx_hal_tim_ex.o
 .debug_abbrev  0x0000186f      0x1d4 Src\Odczyt.o
 .debug_abbrev  0x00001a43      0x1ee Src\adc.o
 .debug_abbrev  0x00001c31      0x139 Src\dma.o
 .debug_abbrev  0x00001d6a      0x18d Src\gpio.o
 .debug_abbrev  0x00001ef7      0x31f Src\main.o
 .debug_abbrev  0x00002216      0x104 Src\stm32f4xx_hal_msp.o
 .debug_abbrev  0x0000231a      0x1e9 Src\stm32f4xx_it.o
 .debug_abbrev  0x00002503      0x126 Src\system_stm32f4xx.o
 .debug_abbrev  0x00002629      0x220 Src\tim.o
 .debug_abbrev  0x00002849      0x1f4 Src\usart.o
 .debug_abbrev  0x00002a3d       0x12 startup\startup_stm32f411xe.o

.debug_loc      0x00000000     0x6ca2
 .debug_loc     0x00000000      0x12e Drivers\STM32F4xx_HAL_Driver\Src\stm32f4xx_hal.o
 .debug_loc     0x0000012e      0x7e9 Drivers\STM32F4xx_HAL_Driver\Src\stm32f4xx_hal_adc.o
 .debug_loc     0x00000917      0x4fb Drivers\STM32F4xx_HAL_Driver\Src\stm32f4xx_hal_cortex.o
 .debug_loc     0x00000e12      0x727 Drivers\STM32F4xx_HAL_Driver\Src\stm32f4xx_hal_dma.o
 .debug_loc     0x00001539      0x337 Drivers\STM32F4xx_HAL_Driver\Src\stm32f4xx_hal_gpio.o
 .debug_loc     0x00001870     0x105b Drivers\STM32F4xx_HAL_Driver\Src\stm32f4xx_hal_irda.o
 .debug_loc     0x000028cb      0x346 Drivers\STM32F4xx_HAL_Driver\Src\stm32f4xx_hal_rcc.o
 .debug_loc     0x00002c11     0x2f57 Drivers\STM32F4xx_HAL_Driver\Src\stm32f4xx_hal_tim.o
 .debug_loc     0x00005b68      0xa7c Drivers\STM32F4xx_HAL_Driver\Src\stm32f4xx_hal_tim_ex.o
 .debug_loc     0x000065e4      0x1c0 Src\Odczyt.o
 .debug_loc     0x000067a4       0x63 Src\adc.o
 .debug_loc     0x00006807      0x2c4 Src\main.o
 .debug_loc     0x00006acb      0x11c Src\system_stm32f4xx.o
 .debug_loc     0x00006be7       0x63 Src\tim.o
 .debug_loc     0x00006c4a       0x58 Src\usart.o

.debug_aranges  0x00000000      0xa80
 .debug_aranges
                0x00000000       0xe8 Drivers\STM32F4xx_HAL_Driver\Src\stm32f4xx_hal.o
 .debug_aranges
                0x000000e8       0xb8 Drivers\STM32F4xx_HAL_Driver\Src\stm32f4xx_hal_adc.o
 .debug_aranges
                0x000001a0       0xa8 Drivers\STM32F4xx_HAL_Driver\Src\stm32f4xx_hal_cortex.o
 .debug_aranges
                0x00000248       0x80 Drivers\STM32F4xx_HAL_Driver\Src\stm32f4xx_hal_dma.o
 .debug_aranges
                0x000002c8       0x58 Drivers\STM32F4xx_HAL_Driver\Src\stm32f4xx_hal_gpio.o
 .debug_aranges
                0x00000320      0x128 Drivers\STM32F4xx_HAL_Driver\Src\stm32f4xx_hal_irda.o
 .debug_aranges
                0x00000448       0x88 Drivers\STM32F4xx_HAL_Driver\Src\stm32f4xx_hal_rcc.o
 .debug_aranges
                0x000004d0      0x278 Drivers\STM32F4xx_HAL_Driver\Src\stm32f4xx_hal_tim.o
 .debug_aranges
                0x00000748       0xf8 Drivers\STM32F4xx_HAL_Driver\Src\stm32f4xx_hal_tim_ex.o
 .debug_aranges
                0x00000840       0x20 Src\Odczyt.o
 .debug_aranges
                0x00000860       0x30 Src\adc.o
 .debug_aranges
                0x00000890       0x20 Src\dma.o
 .debug_aranges
                0x000008b0       0x20 Src\gpio.o
 .debug_aranges
                0x000008d0       0x58 Src\main.o
 .debug_aranges
                0x00000928       0x20 Src\stm32f4xx_hal_msp.o
 .debug_aranges
                0x00000948       0x68 Src\stm32f4xx_it.o
 .debug_aranges
                0x000009b0       0x28 Src\system_stm32f4xx.o
 .debug_aranges
                0x000009d8       0x50 Src\tim.o
 .debug_aranges
                0x00000a28       0x30 Src\usart.o
 .debug_aranges
                0x00000a58       0x28 startup\startup_stm32f411xe.o

.debug_ranges   0x00000000      0xc68
 .debug_ranges  0x00000000       0xd8 Drivers\STM32F4xx_HAL_Driver\Src\stm32f4xx_hal.o
 .debug_ranges  0x000000d8       0xc8 Drivers\STM32F4xx_HAL_Driver\Src\stm32f4xx_hal_adc.o
 .debug_ranges  0x000001a0      0x128 Drivers\STM32F4xx_HAL_Driver\Src\stm32f4xx_hal_cortex.o
 .debug_ranges  0x000002c8       0xc8 Drivers\STM32F4xx_HAL_Driver\Src\stm32f4xx_hal_dma.o
 .debug_ranges  0x00000390       0x68 Drivers\STM32F4xx_HAL_Driver\Src\stm32f4xx_hal_gpio.o
 .debug_ranges  0x000003f8      0x150 Drivers\STM32F4xx_HAL_Driver\Src\stm32f4xx_hal_irda.o
 .debug_ranges  0x00000548       0xb0 Drivers\STM32F4xx_HAL_Driver\Src\stm32f4xx_hal_rcc.o
 .debug_ranges  0x000005f8      0x340 Drivers\STM32F4xx_HAL_Driver\Src\stm32f4xx_hal_tim.o
 .debug_ranges  0x00000938       0xe8 Drivers\STM32F4xx_HAL_Driver\Src\stm32f4xx_hal_tim_ex.o
 .debug_ranges  0x00000a20       0x10 Src\Odczyt.o
 .debug_ranges  0x00000a30       0x50 Src\adc.o
 .debug_ranges  0x00000a80       0x28 Src\dma.o
 .debug_ranges  0x00000aa8       0x40 Src\gpio.o
 .debug_ranges  0x00000ae8       0x68 Src\main.o
 .debug_ranges  0x00000b50       0x10 Src\stm32f4xx_hal_msp.o
 .debug_ranges  0x00000b60       0x58 Src\stm32f4xx_it.o
 .debug_ranges  0x00000bb8       0x18 Src\system_stm32f4xx.o
 .debug_ranges  0x00000bd0       0x40 Src\tim.o
 .debug_ranges  0x00000c10       0x38 Src\usart.o
 .debug_ranges  0x00000c48       0x20 startup\startup_stm32f411xe.o

.debug_line     0x00000000     0x5937
 .debug_line    0x00000000      0x40a Drivers\STM32F4xx_HAL_Driver\Src\stm32f4xx_hal.o
 .debug_line    0x0000040a      0x6c3 Drivers\STM32F4xx_HAL_Driver\Src\stm32f4xx_hal_adc.o
 .debug_line    0x00000acd      0x453 Drivers\STM32F4xx_HAL_Driver\Src\stm32f4xx_hal_cortex.o
 .debug_line    0x00000f20      0x558 Drivers\STM32F4xx_HAL_Driver\Src\stm32f4xx_hal_dma.o
 .debug_line    0x00001478      0x3c2 Drivers\STM32F4xx_HAL_Driver\Src\stm32f4xx_hal_gpio.o
 .debug_line    0x0000183a      0x971 Drivers\STM32F4xx_HAL_Driver\Src\stm32f4xx_hal_irda.o
 .debug_line    0x000021ab      0x504 Drivers\STM32F4xx_HAL_Driver\Src\stm32f4xx_hal_rcc.o
 .debug_line    0x000026af     0x10c9 Drivers\STM32F4xx_HAL_Driver\Src\stm32f4xx_hal_tim.o
 .debug_line    0x00003778      0x694 Drivers\STM32F4xx_HAL_Driver\Src\stm32f4xx_hal_tim_ex.o
 .debug_line    0x00003e0c      0x1a1 Src\Odczyt.o
 .debug_line    0x00003fad      0x2e6 Src\adc.o
 .debug_line    0x00004293      0x1dd Src\dma.o
 .debug_line    0x00004470      0x218 Src\gpio.o
 .debug_line    0x00004688      0x58d Src\main.o
 .debug_line    0x00004c15      0x1cf Src\stm32f4xx_hal_msp.o
 .debug_line    0x00004de4      0x2d4 Src\stm32f4xx_it.o
 .debug_line    0x000050b8      0x1f7 Src\system_stm32f4xx.o
 .debug_line    0x000052af      0x36c Src\tim.o
 .debug_line    0x0000561b      0x29d Src\usart.o
 .debug_line    0x000058b8       0x7f startup\startup_stm32f411xe.o

.debug_str      0x00000000     0x40ad
 .debug_str     0x00000000      0xa16 Drivers\STM32F4xx_HAL_Driver\Src\stm32f4xx_hal.o
                                0xa7f (size before relaxing)
 .debug_str     0x00000a16      0x6d2 Drivers\STM32F4xx_HAL_Driver\Src\stm32f4xx_hal_adc.o
                                0xa2d (size before relaxing)
 .debug_str     0x000010e8      0x4a1 Drivers\STM32F4xx_HAL_Driver\Src\stm32f4xx_hal_cortex.o
                                0xbac (size before relaxing)
 .debug_str     0x00001589      0x2ef Drivers\STM32F4xx_HAL_Driver\Src\stm32f4xx_hal_dma.o
                                0x850 (size before relaxing)
 .debug_str     0x00001878      0x1d3 Drivers\STM32F4xx_HAL_Driver\Src\stm32f4xx_hal_gpio.o
                                0x5dc (size before relaxing)
 .debug_str     0x00001a4b      0x632 Drivers\STM32F4xx_HAL_Driver\Src\stm32f4xx_hal_irda.o
                                0xbf8 (size before relaxing)
 .debug_str     0x0000207d      0x2b4 Drivers\STM32F4xx_HAL_Driver\Src\stm32f4xx_hal_rcc.o
                                0x7ba (size before relaxing)
 .debug_str     0x00002331      0xfd3 Drivers\STM32F4xx_HAL_Driver\Src\stm32f4xx_hal_tim.o
                               0x15a7 (size before relaxing)
 .debug_str     0x00003304      0x548 Drivers\STM32F4xx_HAL_Driver\Src\stm32f4xx_hal_tim_ex.o
                                0xdbf (size before relaxing)
 .debug_str     0x0000384c      0x4af Src\Odczyt.o
                                0x68f (size before relaxing)
 .debug_str     0x00003cfb       0x49 Src\adc.o
                                0x911 (size before relaxing)
 .debug_str     0x00003d44       0x19 Src\dma.o
                                0x774 (size before relaxing)
 .debug_str     0x00003d5d       0x1b Src\gpio.o
                                0x83a (size before relaxing)
 .debug_str     0x00003d78      0x17b Src\main.o
                               0x13e7 (size before relaxing)
 .debug_str     0x00003ef3       0x1b Src\stm32f4xx_hal_msp.o
                                0x3c4 (size before relaxing)
 .debug_str     0x00003f0e       0xfc Src\stm32f4xx_it.o
                                0x9b8 (size before relaxing)
 .debug_str     0x0000400a       0x45 Src\system_stm32f4xx.o
                                0x440 (size before relaxing)
 .debug_str     0x0000404f       0x44 Src\tim.o
                                0xe7e (size before relaxing)
 .debug_str     0x00004093       0x1a Src\usart.o
                                0xc85 (size before relaxing)

.comment        0x00000000       0x7c
 .comment       0x00000000       0x7c Drivers\STM32F4xx_HAL_Driver\Src\stm32f4xx_hal.o
                                 0x7d (size before relaxing)
 .comment       0x0000007c       0x7d Drivers\STM32F4xx_HAL_Driver\Src\stm32f4xx_hal_adc.o
 .comment       0x0000007c       0x7d Drivers\STM32F4xx_HAL_Driver\Src\stm32f4xx_hal_cortex.o
 .comment       0x0000007c       0x7d Drivers\STM32F4xx_HAL_Driver\Src\stm32f4xx_hal_dma.o
 .comment       0x0000007c       0x7d Drivers\STM32F4xx_HAL_Driver\Src\stm32f4xx_hal_gpio.o
 .comment       0x0000007c       0x7d Drivers\STM32F4xx_HAL_Driver\Src\stm32f4xx_hal_irda.o
 .comment       0x0000007c       0x7d Drivers\STM32F4xx_HAL_Driver\Src\stm32f4xx_hal_rcc.o
 .comment       0x0000007c       0x7d Drivers\STM32F4xx_HAL_Driver\Src\stm32f4xx_hal_tim.o
 .comment       0x0000007c       0x7d Drivers\STM32F4xx_HAL_Driver\Src\stm32f4xx_hal_tim_ex.o
 .comment       0x0000007c       0x7d Src\Odczyt.o
 .comment       0x0000007c       0x7d Src\adc.o
 .comment       0x0000007c       0x7d Src\dma.o
 .comment       0x0000007c       0x7d Src\gpio.o
 .comment       0x0000007c       0x7d Src\main.o
 .comment       0x0000007c       0x7d Src\stm32f4xx_hal_msp.o
 .comment       0x0000007c       0x7d Src\stm32f4xx_it.o
 .comment       0x0000007c       0x7d Src\system_stm32f4xx.o
 .comment       0x0000007c       0x7d Src\tim.o
 .comment       0x0000007c       0x7d Src\usart.o

.debug_frame    0x00000000     0x1fd8
 .debug_frame   0x00000000      0x1f4 Drivers\STM32F4xx_HAL_Driver\Src\stm32f4xx_hal.o
 .debug_frame   0x000001f4      0x248 Drivers\STM32F4xx_HAL_Driver\Src\stm32f4xx_hal_adc.o
 .debug_frame   0x0000043c      0x158 Drivers\STM32F4xx_HAL_Driver\Src\stm32f4xx_hal_cortex.o
 .debug_frame   0x00000594      0x150 Drivers\STM32F4xx_HAL_Driver\Src\stm32f4xx_hal_dma.o
 .debug_frame   0x000006e4       0xd8 Drivers\STM32F4xx_HAL_Driver\Src\stm32f4xx_hal_gpio.o
 .debug_frame   0x000007bc      0x3e0 Drivers\STM32F4xx_HAL_Driver\Src\stm32f4xx_hal_irda.o
 .debug_frame   0x00000b9c      0x13c Drivers\STM32F4xx_HAL_Driver\Src\stm32f4xx_hal_rcc.o
 .debug_frame   0x00000cd8      0x928 Drivers\STM32F4xx_HAL_Driver\Src\stm32f4xx_hal_tim.o
 .debug_frame   0x00001600      0x360 Drivers\STM32F4xx_HAL_Driver\Src\stm32f4xx_hal_tim_ex.o
 .debug_frame   0x00001960       0x3c Src\Odczyt.o
 .debug_frame   0x0000199c       0x74 Src\adc.o
 .debug_frame   0x00001a10       0x28 Src\dma.o
 .debug_frame   0x00001a38       0x34 Src\gpio.o
 .debug_frame   0x00001a6c      0x10c Src\main.o
 .debug_frame   0x00001b78       0x28 Src\stm32f4xx_hal_msp.o
 .debug_frame   0x00001ba0       0xec Src\stm32f4xx_it.o
 .debug_frame   0x00001c8c       0x38 Src\system_stm32f4xx.o
 .debug_frame   0x00001cc4       0xd4 Src\tim.o
 .debug_frame   0x00001d98       0x70 Src\usart.o
 .debug_frame   0x00001e08       0x2c d:/aplikacje/atolic/truestudio for stm32 9.3.0/armtools/bin/../lib/gcc/arm-atollic-eabi/6.3.1/../../../../arm-atollic-eabi/lib/armv7e-m/fpu\libc_nano.a(lib_a-init.o)
 .debug_frame   0x00001e34       0x20 d:/aplikacje/atolic/truestudio for stm32 9.3.0/armtools/bin/../lib/gcc/arm-atollic-eabi/6.3.1/../../../../arm-atollic-eabi/lib/armv7e-m/fpu\libc_nano.a(lib_a-memset.o)
 .debug_frame   0x00001e54       0x30 d:/aplikacje/atolic/truestudio for stm32 9.3.0/armtools/bin/../lib/gcc/arm-atollic-eabi/6.3.1/../../../../arm-atollic-eabi/lib/armv7e-m/fpu\libm.a(lib_a-s_round.o)
 .debug_frame   0x00001e84       0xac d:/aplikacje/atolic/truestudio for stm32 9.3.0/armtools/bin/../lib/gcc/arm-atollic-eabi/6.3.1/armv7e-m/fpu\libgcc.a(_arm_addsubdf3.o)
 .debug_frame   0x00001f30       0x24 d:/aplikacje/atolic/truestudio for stm32 9.3.0/armtools/bin/../lib/gcc/arm-atollic-eabi/6.3.1/armv7e-m/fpu\libgcc.a(_arm_fixdfsi.o)
 .debug_frame   0x00001f54       0x24 d:/aplikacje/atolic/truestudio for stm32 9.3.0/armtools/bin/../lib/gcc/arm-atollic-eabi/6.3.1/armv7e-m/fpu\libgcc.a(_arm_truncdfsf2.o)
 .debug_frame   0x00001f78       0x2c d:/aplikacje/atolic/truestudio for stm32 9.3.0/armtools/bin/../lib/gcc/arm-atollic-eabi/6.3.1/armv7e-m/fpu\libgcc.a(_aeabi_uldivmod.o)
 .debug_frame   0x00001fa4       0x34 d:/aplikacje/atolic/truestudio for stm32 9.3.0/armtools/bin/../lib/gcc/arm-atollic-eabi/6.3.1/armv7e-m/fpu\libgcc.a(_udivmoddi4.o)
