stm32f4xx_hal_irda.c:2273:13:IRDA_EndRxTransfer	0	static
stm32f4xx_hal_irda.c:2227:26:IRDA_WaitOnFlagUntilTimeout.constprop	24	static
stm32f4xx_hal_irda.c:411:13:HAL_IRDA_MspInit	0	static
stm32f4xx_hal_irda.c:292:19:HAL_IRDA_Init	16	static
stm32f4xx_hal_irda.c:427:13:HAL_IRDA_MspDeInit	0	static
stm32f4xx_hal_irda.c:366:19:HAL_IRDA_DeInit	8	static
stm32f4xx_hal_irda.c:770:19:HAL_IRDA_Transmit	24	static
stm32f4xx_hal_irda.c:855:19:HAL_IRDA_Receive	24	static
stm32f4xx_hal_irda.c:945:19:HAL_IRDA_Transmit_IT	0	static
stm32f4xx_hal_irda.c:990:19:HAL_IRDA_Receive_IT	0	static
stm32f4xx_hal_irda.c:1038:19:HAL_IRDA_Transmit_DMA	16	static
stm32f4xx_hal_irda.c:1106:19:HAL_IRDA_Receive_DMA	24	static
stm32f4xx_hal_irda.c:1173:19:HAL_IRDA_DMAPause	0	static
stm32f4xx_hal_irda.c:1210:19:HAL_IRDA_DMAResume	8	static
stm32f4xx_hal_irda.c:1246:19:HAL_IRDA_DMAStop	8	static
stm32f4xx_hal_irda.c:1298:19:HAL_IRDA_Abort	8	static
stm32f4xx_hal_irda.c:1362:19:HAL_IRDA_AbortTransmit	8	static
stm32f4xx_hal_irda.c:1404:19:HAL_IRDA_AbortReceive	8	static
stm32f4xx_hal_irda.c:1869:13:HAL_IRDA_TxCpltCallback	0	static
stm32f4xx_hal_irda.c:2077:13:IRDA_DMATransmitCplt	8	static
stm32f4xx_hal_irda.c:1885:13:HAL_IRDA_TxHalfCpltCallback	0	static
stm32f4xx_hal_irda.c:2111:13:IRDA_DMATransmitHalfCplt	8	static
stm32f4xx_hal_irda.c:1901:13:HAL_IRDA_RxCpltCallback	0	static
stm32f4xx_hal_irda.c:2130:13:IRDA_DMAReceiveCplt	8	static
stm32f4xx_hal_irda.c:2528:26:IRDA_Receive_IT	8	static
stm32f4xx_hal_irda.c:1917:13:HAL_IRDA_RxHalfCpltCallback	0	static
stm32f4xx_hal_irda.c:2166:13:IRDA_DMAReceiveHalfCplt	8	static
stm32f4xx_hal_irda.c:1933:13:HAL_IRDA_ErrorCallback	0	static
stm32f4xx_hal_irda.c:2185:13:IRDA_DMAError	8	static
stm32f4xx_hal_irda.c:1724:6:HAL_IRDA_IRQHandler	16	static
stm32f4xx_hal_irda.c:2289:13:IRDA_DMAAbortOnError	8	static
stm32f4xx_hal_irda.c:1949:13:HAL_IRDA_AbortCpltCallback	0	static
stm32f4xx_hal_irda.c:1449:19:HAL_IRDA_Abort_IT	8	static
stm32f4xx_hal_irda.c:2356:13:IRDA_DMARxAbortCallback	8	static
stm32f4xx_hal_irda.c:2312:13:IRDA_DMATxAbortCallback	8	static
stm32f4xx_hal_irda.c:1965:13:HAL_IRDA_AbortTransmitCpltCallback	0	static
stm32f4xx_hal_irda.c:1577:19:HAL_IRDA_AbortTransmit_IT	8	static
stm32f4xx_hal_irda.c:2400:13:IRDA_DMATxOnlyAbortCallback	8	static
stm32f4xx_hal_irda.c:1981:13:HAL_IRDA_AbortReceiveCpltCallback	0	static
stm32f4xx_hal_irda.c:1654:19:HAL_IRDA_AbortReceive_IT	8	static
stm32f4xx_hal_irda.c:2427:13:IRDA_DMARxOnlyAbortCallback	8	static
stm32f4xx_hal_irda.c:2018:23:HAL_IRDA_GetState	0	static
stm32f4xx_hal_irda.c:2033:10:HAL_IRDA_GetError	0	static
